Component: ARM Compiler 5.06 update 5 (build 528) Tool: armlink [4d35e2]

==============================================================================

Section Cross References

    startup_stm32f103xb.o(RESET) refers to startup_stm32f103xb.o(STACK) for __initial_sp
    startup_stm32f103xb.o(RESET) refers to startup_stm32f103xb.o(.text) for Reset_Handler
    startup_stm32f103xb.o(RESET) refers to stm32f1xx_it.o(i.NMI_Handler) for NMI_Handler
    startup_stm32f103xb.o(RESET) refers to stm32f1xx_it.o(i.HardFault_Handler) for HardFault_Handler
    startup_stm32f103xb.o(RESET) refers to stm32f1xx_it.o(i.MemManage_Handler) for MemManage_Handler
    startup_stm32f103xb.o(RESET) refers to stm32f1xx_it.o(i.BusFault_Handler) for BusFault_Handler
    startup_stm32f103xb.o(RESET) refers to stm32f1xx_it.o(i.UsageFault_Handler) for UsageFault_Handler
    startup_stm32f103xb.o(RESET) refers to port.o(.emb_text) for SVC_Handler
    startup_stm32f103xb.o(RESET) refers to stm32f1xx_it.o(i.DebugMon_Handler) for DebugMon_Handler
    startup_stm32f103xb.o(RESET) refers to stm32f1xx_it.o(i.SysTick_Handler) for SysTick_Handler
    startup_stm32f103xb.o(RESET) refers to stm32f1xx_it.o(i.EXTI4_IRQHandler) for EXTI4_IRQHandler
    startup_stm32f103xb.o(RESET) refers to stm32f1xx_it.o(i.TIM4_IRQHandler) for TIM4_IRQHandler
    startup_stm32f103xb.o(RESET) refers to usart.o(i.USART1_IRQHandler) for USART1_IRQHandler
    startup_stm32f103xb.o(.text) refers to system_stm32f1xx.o(i.SystemInit) for SystemInit
    startup_stm32f103xb.o(.text) refers to entry.o(.ARM.Collect$$$$00000000) for __main
    main.o(i.HAL_InitTick) refers to stm32f1xx_hal_tim.o(i.HAL_TIM_Base_Init) for HAL_TIM_Base_Init
    main.o(i.HAL_InitTick) refers to stm32f1xx_hal_tim.o(i.HAL_TIM_Base_Start_IT) for HAL_TIM_Base_Start_IT
    main.o(i.HAL_InitTick) refers to stm32f1xx_hal_cortex.o(i.HAL_NVIC_SetPriority) for HAL_NVIC_SetPriority
    main.o(i.HAL_InitTick) refers to stm32f1xx_hal_cortex.o(i.HAL_NVIC_EnableIRQ) for HAL_NVIC_EnableIRQ
    main.o(i.HAL_InitTick) refers to main.o(.bss) for .bss
    main.o(i.HAL_ResumeTick) refers to stm32f1xx_hal_tim.o(i.HAL_TIM_Base_Start_IT) for HAL_TIM_Base_Start_IT
    main.o(i.HAL_ResumeTick) refers to main.o(.bss) for .bss
    main.o(i.HAL_SuspendTick) refers to stm32f1xx_hal_tim.o(i.HAL_TIM_Base_Stop_IT) for HAL_TIM_Base_Stop_IT
    main.o(i.HAL_SuspendTick) refers to main.o(.bss) for .bss
    main.o(i.SystemClock_Config) refers to memseta.o(.text) for __aeabi_memclr4
    main.o(i.SystemClock_Config) refers to stm32f1xx_hal_rcc.o(i.HAL_RCC_OscConfig) for HAL_RCC_OscConfig
    main.o(i.SystemClock_Config) refers to stm32f1xx_hal_rcc.o(i.HAL_RCC_ClockConfig) for HAL_RCC_ClockConfig
    main.o(i.console_log) refers to queue.o(i.xQueueSemaphoreTake) for xQueueSemaphoreTake
    main.o(i.console_log) refers to printfa.o(i.__0vprintf) for vprintf
    main.o(i.console_log) refers to printfa.o(i.__0printf) for __2printf
    main.o(i.console_log) refers to queue.o(i.xQueueGenericSend) for xQueueGenericSend
    main.o(i.console_log) refers to freertos.o(.data) for xConsoleMutex
    main.o(i.main) refers to stm32f1xx_hal.o(i.HAL_Init) for HAL_Init
    main.o(i.main) refers to main.o(i.SystemClock_Config) for SystemClock_Config
    main.o(i.main) refers to usart.o(i.uart_init) for uart_init
    main.o(i.main) refers to main.o(i.console_log) for console_log
    main.o(i.main) refers to gpio.o(i.MX_GPIO_Init) for MX_GPIO_Init
    main.o(i.main) refers to watch_init.o(i.watch_hardware_init) for watch_hardware_init
    main.o(i.main) refers to cmsis_os2.o(i.osKernelInitialize) for osKernelInitialize
    main.o(i.main) refers to freertos.o(i.MX_FREERTOS_Init) for MX_FREERTOS_Init
    main.o(i.main) refers to cmsis_os2.o(i.osKernelStart) for osKernelStart
    freertos.o(i.MX_FREERTOS_Init) refers to cmsis_os2.o(i.osMutexNew) for osMutexNew
    freertos.o(i.MX_FREERTOS_Init) refers to queue.o(i.xQueueCreateMutex) for xQueueCreateMutex
    freertos.o(i.MX_FREERTOS_Init) refers to cmsis_os2.o(i.osMessageQueueNew) for osMessageQueueNew
    freertos.o(i.MX_FREERTOS_Init) refers to cmsis_os2.o(i.osThreadNew) for osThreadNew
    freertos.o(i.MX_FREERTOS_Init) refers to printfa.o(i.__0printf) for __2printf
    freertos.o(i.MX_FREERTOS_Init) refers to heap_4.o(i.xPortGetFreeHeapSize) for xPortGetFreeHeapSize
    freertos.o(i.MX_FREERTOS_Init) refers to freertos.o(.data) for .data
    freertos.o(i.MX_FREERTOS_Init) refers to freertos.o(.constdata) for .constdata
    freertos.o(i.MX_FREERTOS_Init) refers to freertos.o(i.StartDisplayTask) for StartDisplayTask
    freertos.o(i.MX_FREERTOS_Init) refers to freertos.o(i.StartButtonsTask) for StartButtonsTask
    freertos.o(i.MX_FREERTOS_Init) refers to freertos.o(i.StartSensorsTask) for StartSensorsTask
    freertos.o(i.MX_FREERTOS_Init) refers to freertos.o(i.StartBuzzerTask) for StartBuzzerTask
    freertos.o(i.MX_FREERTOS_Init) refers to freertos.o(i.StartSystemTask) for StartSystemTask
[...]
    months                                   0x0800cb1a   Data          48  resources.o(.constdata)
    livesImg                                 0x0800cb4a   Data           7  resources.o(.constdata)
    stopwatch                                0x0800cb51   Data           8  resources.o(.constdata)
    menu_timedate                            0x0800cb59   Data         128  resources.o(.constdata)
    menu_sleep                               0x0800cbd9   Data         128  resources.o(.constdata)
    menu_sound                               0x0800cc59   Data         128  resources.o(.constdata)
    menu_games                               0x0800ccd9   Data         128  resources.o(.constdata)
    menu_brightness                          0x0800cd59   Data         512  resources.o(.constdata)
    menu_invert                              0x0800cf59   Data         128  resources.o(.constdata)
    menu_anim                                0x0800cfd9   Data         256  resources.o(.constdata)
    menu_volume                              0x0800d0d9   Data         512  resources.o(.constdata)
    menu_rotate                              0x0800d2d9   Data         128  resources.o(.constdata)
    menu_display                             0x0800d359   Data         128  resources.o(.constdata)
    menu_sleeptimeout                        0x0800d3d9   Data         128  resources.o(.constdata)
    battIconEmpty                            0x0800d459   Data          16  resources.o(.constdata)
    battIconLow                              0x0800d469   Data          16  resources.o(.constdata)
    battIconHigh                             0x0800d479   Data          16  resources.o(.constdata)
    battIconFull                             0x0800d489   Data          16  resources.o(.constdata)
    smallFont                                0x0800d499   Data         485  resources.o(.constdata)
    smallFontAlarm                           0x0800d67e   Data           8  resources.o(.constdata)
    midFont                                  0x0800d686   Data         570  resources.o(.constdata)
    small2Font                               0x0800d8c0   Data         220  resources.o(.constdata)
    colon                                    0x0800d99c   Data          18  resources.o(.constdata)
    selectbar_top                            0x0800d9ae   Data          36  resources.o(.constdata)
    selectbar_bottom                         0x0800d9d2   Data          36  resources.o(.constdata)
    menu_alarm                               0x0800d9f6   Data         128  resources.o(.constdata)
    menu_stopwatch                           0x0800da76   Data         128  resources.o(.constdata)
    menu_torch                               0x0800daf6   Data         128  resources.o(.constdata)
    menu_settings                            0x0800db76   Data         128  resources.o(.constdata)
    menu_diagnostic                          0x0800dbf6   Data         128  resources.o(.constdata)
    menu_exit                                0x0800dc76   Data         128  resources.o(.constdata)
    menu_setfps                              0x0800dcf6   Data         128  resources.o(.constdata)
    STAY                                     0x0800dd84   Data         236  tones_data.o(.constdata)
    tuneBtn1                                 0x0800de70   Data          16  tunes.o(.constdata)
    tuneBtn2                                 0x0800de80   Data          16  tunes.o(.constdata)
    tuneBtn3                                 0x0800de90   Data          16  tunes.o(.constdata)
    reg                                      0x0800dea0   Data          27  inv_mpu.o(.constdata)
    hw                                       0x0800debc   Data          12  inv_mpu.o(.constdata)
    test                                     0x0800dec8   Data          40  inv_mpu.o(.constdata)
    __mathlib_zero                           0x0800ec00   Data           8  qnan.o(.constdata)
    __ctype_categories                       0x0800ecf8   Data          64  ctype_c.o(.constdata)
    Region$$Table$$Base                      0x0800edfc   Number         0  anon$$obj.o(Region$$Table)
    Region$$Table$$Limit                     0x0800ee1c   Number         0  anon$$obj.o(Region$$Table)
    xConsoleMutex                            0x20000004   Data           4  freertos.o(.data)
    displayTaskHandle                        0x20000008   Data           4  freertos.o(.data)
    buttonsTaskHandle                        0x2000000c   Data           4  freertos.o(.data)
    sensorsTaskHandle                        0x20000010   Data           4  freertos.o(.data)
    buzzerTaskHandle                         0x20000014   Data           4  freertos.o(.data)
    systemTaskHandle                         0x20000018   Data           4  freertos.o(.data)
    oledMutexHandle                          0x2000001c   Data           4  freertos.o(.data)
    systemQueueHandle                        0x20000020   Data           4  freertos.o(.data)
    displayQueueHandle                       0x20000024   Data           4  freertos.o(.data)
    DeepSleepFlag                            0x20000028   Data           1  stm32f1xx_it.o(.data)
    uwTickFreq                               0x2000002c   Data           1  stm32f1xx_hal.o(.data)
    uwTickPrio                               0x20000030   Data           4  stm32f1xx_hal.o(.data)
    uwTick                                   0x20000034   Data           4  stm32f1xx_hal.o(.data)
    SystemCoreClock                          0x20000038   Data           4  system_stm32f1xx.o(.data)
    pxCurrentTCB                             0x2000003c   Data           4  tasks.o(.data)
    USART_RX_STA                             0x200000be   Data           2  usart.o(.data)
    MoveCheckFlag                            0x200000c4   Data           1  sleep.o(.data)
    eepAlarms                                0x200000e4   Data          15  alarm.o(.data)
    MY_FPS                                   0x20000110   Data           1  display.o(.data)
    MiddlePitch                              0x20000134   Data           4  game1.o(.data)
    setting                                  0x2000016c   Data           2  menu.o(.data)
    milliseconds                             0x20000170   Data           4  millis.o(.data)
    keep_on                                  0x20000180   Data           1  pwrmgr.o(.data)
    pitch_a                                  0x20000184   Data           2  pwrmgr.o(.data)
    roll_a                                   0x20000186   Data           2  pwrmgr.o(.data)
    yaw_a                                    0x20000188   Data           2  pwrmgr.o(.data)
    update                                   0x200001a8   Data           1  time.o(.data)
    timeDate                                 0x200001a9   Data           8  time.o(.data)
    BatteryVol                               0x200001d8   Data           4  ui.o(.data)
    dmp_ready                                0x200001dc   Data           1  mpu_task.o(.data)
    imu_run                                  0x200001dd   Data           1  mpu_task.o(.data)
    delta                                    0x200001de   Data           1  mpu_task.o(.data)
    point_delta                              0x200001df   Data           1  mpu_task.o(.data)
    step_count                               0x200001e4   Data           4  mpu_task.o(.data)
    pitch                                    0x200001ec   Data           4  mpu_task.o(.data)
    roll                                     0x200001f0   Data           4  mpu_task.o(.data)
    yaw                                      0x200001f4   Data           4  mpu_task.o(.data)
    __stdout                                 0x20000244   Data           4  stdout.o(.data)
    __microlib_freelist                      0x20000248   Data           4  mvars.o(.data)
    __microlib_freelist_initialised          0x2000024c   Data           4  mvars.o(.data)
    htim4                                    0x20000254   Data          72  main.o(.bss)
    xQueueRegistry                           0x2000029c   Data          64  queue.o(.bss)
    huart1                                   0x20003770   Data          72  usart.o(.bss)
    USART_RX_BUF                             0x200037b8   Data         200  usart.o(.bss)
    appConfig                                0x2000388c   Data          12  appconfig.o(.bss)
    menuData                                 0x200038e4   Data          36  menu.o(.bss)
    oledBuffer                               0x20003a24   Data        1024  lcd.o(.bss)
    __heap_base                              0x20003e70   Data           0  startup_stm32f103xb.o(HEAP)
    __heap_limit                             0x20004070   Data           0  startup_stm32f103xb.o(HEAP)
    __initial_sp                             0x20004470   Data           0  startup_stm32f103xb.o(STACK)



==============================================================================

Memory Map of the image

  Image Entry point : 0x080000ed

  Load Region LR_IROM1 (Base: 0x08000000, Size: 0x0000f070, Max: 0x00020000, ABSOLUTE, COMPRESSED[0x0000ee68])

    Execution Region ER_IROM1 (Exec base: 0x08000000, Load base: 0x08000000, Size: 0x0000ee1c, Max: 0x00020000, ABSOLUTE)

    Exec Addr    Load Addr    Size         Type   Attr      Idx    E Section Name        Object

    0x08000000   0x08000000   0x000000ec   Data   RO            3    RESET               startup_stm32f103xb.o
    0x080000ec   0x080000ec   0x00000000   Code   RO         8860  * .ARM.Collect$$$$00000000  mc_w.l(entry.o)
    0x080000ec   0x080000ec   0x00000004   Code   RO         9270    .ARM.Collect$$$$00000001  mc_w.l(entry2.o)
    0x080000f0   0x080000f0   0x00000004   Code   RO         9273    .ARM.Collect$$$$00000004  mc_w.l(entry5.o)
    0x080000f4   0x080000f4   0x00000000   Code   RO         9275    .ARM.Collect$$$$00000008  mc_w.l(entry7b.o)
    0x080000f4   0x080000f4   0x00000000   Code   RO         9277    .ARM.Collect$$$$0000000A  mc_w.l(entry8b.o)
    0x080000f4   0x080000f4   0x00000008   Code   RO         9278    .ARM.Collect$$$$0000000B  mc_w.l(entry9a.o)
    0x080000fc   0x080000fc   0x00000000   Code   RO         9280    .ARM.Collect$$$$0000000D  mc_w.l(entry10a.o)
    0x080000fc   0x080000fc   0x00000000   Code   RO         9282    .ARM.Collect$$$$0000000F  mc_w.l(entry11a.o)
    0x080000fc   0x080000fc   0x00000004   Code   RO         9271    .ARM.Collect$$$$00002712  mc_w.l(entry2.o)
    0x08000100   0x08000100   0x00000096   Code   RO         4869    .emb_text           port.o
    0x08000196   0x08000196   0x00000002   PAD
    0x08000198   0x08000198   0x00000024   Code   RO            4    .text               startup_stm32f103xb.o
    0x080001bc   0x080001bc   0x00000062   Code   RO         8863    .text               mc_w.l(ldiv.o)
    0x0800021e   0x0800021e   0x00000020   Code   RO         8865    .text               mc_w.l(llushr.o)
    0x0800023e   0x0800023e   0x00000002   PAD
    0x08000240   0x08000240   0x00000024   Code   RO         8867    .text               mc_w.l(rand.o)
    0x08000264   0x08000264   0x00000024   Code   RO         8870    .text               mc_w.l(memcpya.o)
    0x08000288   0x08000288   0x00000024   Code   RO         8874    .text               mc_w.l(memseta.o)
    0x080002ac   0x080002ac   0x00000024   Code   RO         8876    .text               mc_w.l(strstr.o)
    0x080002d0   0x080002d0   0x0000000e   Code   RO         8878    .text               mc_w.l(strlen.o)
    0x080002de   0x080002de   0x0000001a   Code   RO         8880    .text               mc_w.l(memcmp.o)
    0x080002f8   0x080002f8   0x00000012   Code   RO         8882    .text               mc_w.l(strcpy.o)
    0x0800030a   0x0800030a   0x0000001e   Code   RO         8884    .text               mc_w.l(strncmp.o)
    0x08000328   0x08000328   0x0000001c   Code   RO         9177    .text               mc_w.l(calloc.o)
    0x08000344   0x08000344   0x00000038   Code   RO         9179    .text               mc_w.l(__0sscanf.o)
    0x0800037c   0x0800037c   0x0000014c   Code   RO         9181    .text               mc_w.l(_scanf_int.o)
    0x080004c8   0x080004c8   0x000000b0   Code   RO         9183    .text               mf_w.l(fadd.o)
    0x08000578   0x08000578   0x00000064   Code   RO         9185    .text               mf_w.l(fmul.o)
    0x080005dc   0x080005dc   0x0000007c   Code   RO         9187    .text               mf_w.l(fdiv.o)
    0x08000658   0x08000658   0x00000018   Code   RO         9189    .text               mf_w.l(fscalb.o)
    0x08000670   0x08000670   0x0000014e   Code   RO         9191    .text               mf_w.l(dadd.o)
    0x080007be   0x080007be   0x000000e4   Code   RO         9193    .text               mf_w.l(dmul.o)
    0x080008a2   0x080008a2   0x000000de   Code   RO         9195    .text               mf_w.l(ddiv.o)
    0x08000980   0x08000980   0x0000002e   Code   RO         9197    .text               mf_w.l(dscalb.o)
    0x080009ae   0x080009ae   0x00000012   Code   RO         9199    .text               mf_w.l(fflti.o)
    0x080009c0   0x080009c0   0x0000000a   Code   RO         9201    .text               mf_w.l(ffltui.o)
    0x080009ca   0x080009ca   0x00000022   Code   RO         9203    .text               mf_w.l(dflti.o)
    0x080009ec   0x080009ec   0x00000032   Code   RO         9205    .text               mf_w.l(ffixi.o)
    0x08000a1e   0x08000a1e   0x00000028   Code   RO         9207    .text               mf_w.l(ffixui.o)
    0x08000a46   0x08000a46   0x0000003e   Code   RO         9209    .text               mf_w.l(dfixi.o)
    0x08000a84   0x08000a84   0x00000026   Code   RO         9211    .text               mf_w.l(f2d.o)
    0x08000aaa   0x08000aaa   0x00000038   Code   RO         9213    .text               mf_w.l(d2f.o)
    0x08000ae2   0x08000ae2   0x00000002   PAD
    0x08000ae4   0x08000ae4   0x00000014   Code   RO         9215    .text               mf_w.l(cfcmple.o)
    0x08000af8   0x08000af8   0x00000014   Code   RO         9217    .text               mf_w.l(cfrcmple.o)
    0x08000b0c   0x08000b0c   0x0000002c   Code   RO         9285    .text               mc_w.l(uidiv.o)
    0x08000b38   0x08000b38   0x00000062   Code   RO         9287    .text               mc_w.l(uldiv.o)
    0x08000b9a   0x08000b9a   0x0000001e   Code   RO         9289    .text               mc_w.l(llshl.o)
    0x08000bb8   0x08000bb8   0x00000024   Code   RO         9291    .text               mc_w.l(llsshr.o)
    0x08000bdc   0x08000bdc   0x0000001c   Code   RO         9302    .text               mc_w.l(_chval.o)
    0x08000bf8   0x08000bf8   0x00000028   Code   RO         9304    .text               mc_w.l(scanf_char.o)
    0x08000c20   0x08000c20   0x00000040   Code   RO         9306    .text               mc_w.l(_sgetc.o)
    0x08000c60   0x08000c60   0x00000000   Code   RO         9308    .text               mc_w.l(iusefp.o)
    0x08000c60   0x08000c60   0x0000006e   Code   RO         9309    .text               mf_w.l(fepilogue.o)
    0x08000cce   0x08000cce   0x000000ba   Code   RO         9311    .text               mf_w.l(depilogue.o)
    0x08000d88   0x08000d88   0x00000030   Code   RO         9313    .text               mf_w.l(dfixul.o)
    0x08000db8   0x08000db8   0x00000030   Code   RO         9315    .text               mf_w.l(cdrcmple.o)
    0x08000de8   0x08000de8   0x00000024   Code   RO         9317    .text               mc_w.l(init.o)
    0x08000e0c   0x08000e0c   0x0000000a   Code   RO         9319    .text               mc_w.l(isspace_c.o)
    0x08000e16   0x08000e16   0x00000002   PAD
    0x08000e18   0x08000e18   0x0000032c   Code   RO         9321    .text               mc_w.l(_scanf.o)
    0x08001144   0x08001144   0x000000a2   Code   RO         9323    .text               mf_w.l(dsqrt.o)
    0x080011e6   0x080011e6   0x0000001a   Code   RO         9325    .text               mf_w.l(dfltui.o)
    0x08001200   0x08001200   0x00000028   Code   RO         9329    .text               mc_w.l(ctype_c.o)
    0x08001228   0x08001228   0x00000056   Code   RO         9340    .text               mc_w.l(__dczerorl2.o)
    0x0800127e   0x0800127e   0x00000002   PAD
    0x08001280   0x08001280   0x00000024   Code   RO         5376    i.AlarmEnalbe       alarm.o
    0x080012a4   0x080012a4   0x00000002   Code   RO          624    i.BusFault_Handler  stm32f1xx_it.o
    0x080012a6   0x080012a6   0x00000050   Code   RO          253    i.Calculate_WeekDay  freertos.o
    0x080012f6   0x080012f6   0x00000002   Code   RO          625    i.DebugMon_Handler  stm32f1xx_it.o
    0x080012f8   0x080012f8   0x0000000e   Code   RO         7430    i.DriverInit        oled_config.o
    0x08001306   0x08001306   0x00000002   PAD
    0x08001308   0x08001308   0x00000058   Code   RO          626    i.EXTI4_IRQHandler  stm32f1xx_it.o
    0x08001360   0x08001360   0x00000024   Code   RO          811    i.HAL_Delay         stm32f1xx_hal.o
    0x08001384   0x08001384   0x000001e0   Code   RO         1121    i.HAL_GPIO_Init     stm32f1xx_hal_gpio.o
    0x08001564   0x08001564   0x0000000a   Code   RO         1123    i.HAL_GPIO_ReadPin  stm32f1xx_hal_gpio.o
    0x0800156e   0x0800156e   0x0000000a   Code   RO         1125    i.HAL_GPIO_WritePin  stm32f1xx_hal_gpio.o
    0x08001578   0x08001578   0x0000000c   Code   RO          815    i.HAL_GetTick       stm32f1xx_hal.o
    0x08001584   0x08001584   0x00000010   Code   RO          821    i.HAL_IncTick       stm32f1xx_hal.o
    0x08001594   0x08001594   0x00000024   Code   RO          822    i.HAL_Init          stm32f1xx_hal.o
    0x080015b8   0x080015b8   0x00000050   Code   RO           14    i.HAL_InitTick      main.o
    0x08001608   0x08001608   0x00000048   Code   RO          738    i.HAL_MspInit       stm32f1xx_hal_msp.o
    0x08001650   0x08001650   0x00000022   Code   RO         1280    i.HAL_NVIC_DisableIRQ  stm32f1xx_hal_cortex.o
    0x08001672   0x08001672   0x0000001a   Code   RO         1281    i.HAL_NVIC_EnableIRQ  stm32f1xx_hal_cortex.o
    0x0800168c   0x0800168c   0x00000040   Code   RO         1287    i.HAL_NVIC_SetPriority  stm32f1xx_hal_cortex.o
    0x080016cc   0x080016cc   0x00000024   Code   RO         1288    i.HAL_NVIC_SetPriorityGrouping  stm32f1xx_hal_cortex.o
    0x080016f0   0x080016f0   0x00000044   Code   RO         1410    i.HAL_PWR_EnterSTOPMode  stm32f1xx_hal_pwr.o
    0x08001734   0x08001734   0x0000012c   Code   RO          979    i.HAL_RCC_ClockConfig  stm32f1xx_hal_rcc.o
    0x08001860   0x08001860   0x000000dc   Code   RO          980    i.HAL_RCC_DeInit    stm32f1xx_hal_rcc.o
    0x0800193c   0x0800193c   0x00000020   Code   RO          986    i.HAL_RCC_GetPCLK1Freq  stm32f1xx_hal_rcc.o
    0x0800195c   0x0800195c   0x00000020   Code   RO          987    i.HAL_RCC_GetPCLK2Freq  stm32f1xx_hal_rcc.o
    0x0800197c   0x0800197c   0x0000004c   Code   RO          988    i.HAL_RCC_GetSysClockFreq  stm32f1xx_hal_rcc.o
    0x080019c8   0x080019c8   0x00000320   Code   RO          991    i.HAL_RCC_OscConfig  stm32f1xx_hal_rcc.o
    0x08001ce8   0x08001ce8   0x00000002   Code   RO         2487    i.HAL_TIMEx_BreakCallback  stm32f1xx_hal_tim_ex.o
    0x08001cea   0x08001cea   0x00000002   Code   RO         2488    i.HAL_TIMEx_CommutCallback  stm32f1xx_hal_tim_ex.o
    0x08001cec   0x08001cec   0x0000005a   Code   RO         1783    i.HAL_TIM_Base_Init  stm32f1xx_hal_tim.o
    0x08001d46   0x08001d46   0x00000002   PAD
    0x08001d48   0x08001d48   0x00000028   Code   RO          739    i.HAL_TIM_Base_MspInit  stm32f1xx_hal_msp.o
    0x08001d70   0x08001d70   0x00000058   Code   RO         1788    i.HAL_TIM_Base_Start_IT  stm32f1xx_hal_tim.o
    0x08001dc8   0x08001dc8   0x00000002   Code   RO         1817    i.HAL_TIM_IC_CaptureCallback  stm32f1xx_hal_tim.o
    0x08001dca   0x08001dca   0x00000130   Code   RO         1831    i.HAL_TIM_IRQHandler  stm32f1xx_hal_tim.o
    0x08001efa   0x08001efa   0x00000002   Code   RO         1834    i.HAL_TIM_OC_DelayElapsedCallback  stm32f1xx_hal_tim.o
    0x08001efc   0x08001efc   0x000000cc   Code   RO         1855    i.HAL_TIM_PWM_ConfigChannel  stm32f1xx_hal_tim.o
    0x08001fc8   0x08001fc8   0x0000005a   Code   RO         1858    i.HAL_TIM_PWM_Init  stm32f1xx_hal_tim.o
    0x08002022   0x08002022   0x00000002   Code   RO         1860    i.HAL_TIM_PWM_MspInit  stm32f1xx_hal_tim.o
    0x08002024   0x08002024   0x00000002   Code   RO         1861    i.HAL_TIM_PWM_PulseFinishedCallback  stm32f1xx_hal_tim.o
    0x08002026   0x08002026   0x00000002   PAD
    0x08002028   0x08002028   0x0000009c   Code   RO         1863    i.HAL_TIM_PWM_Start  stm32f1xx_hal_tim.o
    0x080020c4   0x080020c4   0x00000070   Code   RO         1866    i.HAL_TIM_PWM_Stop  stm32f1xx_hal_tim.o
    0x08002134   0x08002134   0x00000014   Code   RO          627    i.HAL_TIM_PeriodElapsedCallback  stm32f1xx_it.o
    0x08002148   0x08002148   0x00000002   Code   RO         1874    i.HAL_TIM_TriggerCallback  stm32f1xx_hal_tim.o
    0x0800214a   0x0800214a   0x00000064   Code   RO         2784    i.HAL_UART_Init     stm32f1xx_hal_uart.o
    0x080021ae   0x080021ae   0x00000002   Code   RO         2786    i.HAL_UART_MspInit  stm32f1xx_hal_uart.o
    0x080021b0   0x080021b0   0x0000001c   Code   RO         2789    i.HAL_UART_Receive_IT  stm32f1xx_hal_uart.o
    0x080021cc   0x080021cc   0x000000a0   Code   RO         2792    i.HAL_UART_Transmit  stm32f1xx_hal_uart.o
    0x0800226c   0x0800226c   0x00000002   Code   RO          628    i.HardFault_Handler  stm32f1xx_it.o
    0x0800226e   0x0800226e   0x00000002   PAD
    0x08002270   0x08002270   0x00000038   Code   RO         7684    i.IIC_Start         oled_driver.o
    0x080022a8   0x080022a8   0x0000003c   Code   RO         7685    i.IIC_Stop          oled_driver.o
    0x080022e4   0x080022e4   0x0000002c   Code   RO         7686    i.IIC_Wait_Ack      oled_driver.o
    0x08002310   0x08002310   0x00000004   Code   RO         7187    i.InitGraph         oled_basic.o
    0x08002314   0x08002314   0x0000002c   Code   RO         8705    i.LCD_Init          lcd.o
    0x08002340   0x08002340   0x00000018   Code   RO         5073    i.LogTimeUpdate     my_menu.o
    0x08002358   0x08002358   0x00000032   Code   RO         7907    i.MPU_Get_Gyroscope  mpu6050.o
    0x0800238a   0x0800238a   0x00000002   PAD
    0x0800238c   0x0800238c   0x00000040   Code   RO         8008    i.MPU_IIC_Ack       mpuiic.o
    0x080023cc   0x080023cc   0x00000048   Code   RO         8010    i.MPU_IIC_Init      mpuiic.o
    0x08002414   0x08002414   0x00000040   Code   RO         8011    i.MPU_IIC_NAck      mpuiic.o
    0x08002454   0x08002454   0x0000006c   Code   RO         8012    i.MPU_IIC_Read_Byte  mpuiic.o
    0x080024c0   0x080024c0   0x00000058   Code   RO         8013    i.MPU_IIC_Send_Byte  mpuiic.o
    0x08002518   0x08002518   0x00000040   Code   RO         8014    i.MPU_IIC_Start     mpuiic.o
    0x08002558   0x08002558   0x00000044   Code   RO         8015    i.MPU_IIC_Stop      mpuiic.o
    0x0800259c   0x0800259c   0x00000058   Code   RO         8016    i.MPU_IIC_Wait_Ack  mpuiic.o
    0x080025f4   0x080025f4   0x00000076   Code   RO         7909    i.MPU_Init          mpu6050.o
    0x0800266a   0x0800266a   0x00000002   PAD
    0x0800266c   0x0800266c   0x00000058   Code   RO         7910    i.MPU_Pitch_Detect  mpu6050.o
    0x080026c4   0x080026c4   0x0000003a   Code   RO         7911    i.MPU_Read_Byte     mpu6050.o
    0x080026fe   0x080026fe   0x00000002   PAD
    0x08002700   0x08002700   0x0000006c   Code   RO         7912    i.MPU_Read_Len      mpu6050.o
    0x0800276c   0x0800276c   0x00000038   Code   RO         7913    i.MPU_Roll_Detect   mpu6050.o
    0x080027a4   0x080027a4   0x0000000a   Code   RO         7914    i.MPU_Set_Accel_Fsr  mpu6050.o
    0x080027ae   0x080027ae   0x0000000a   Code   RO         7915    i.MPU_Set_Gyro_Fsr  mpu6050.o
    0x080027b8   0x080027b8   0x00000030   Code   RO         7916    i.MPU_Set_LPF       mpu6050.o
    0x080027e8   0x080027e8   0x0000002e   Code   RO         7917    i.MPU_Set_Rate      mpu6050.o
    0x08002816   0x08002816   0x0000003c   Code   RO         7918    i.MPU_Write_Byte    mpu6050.o
    0x08002852   0x08002852   0x00000052   Code   RO         7919    i.MPU_Write_Len     mpu6050.o
    0x080028a4   0x080028a4   0x00000108   Code   RO          254    i.MX_FREERTOS_Init  freertos.o
    0x080029ac   0x080029ac   0x0000002c   Code   RO          229    i.MX_GPIO_Init      gpio.o
    0x080029d8   0x080029d8   0x00000002   Code   RO          629    i.MemManage_Handler  stm32f1xx_it.o
    0x080029da   0x080029da   0x00000002   Code   RO          630    i.NMI_Handler       stm32f1xx_it.o
    0x080029dc   0x080029dc   0x00000034   Code   RO         7687    i.OLED_CLS          oled_driver.o
    0x08002a10   0x08002a10   0x000000b2   Code   RO         7689    i.OLED_Init         oled_driver.o
    0x08002ac2   0x08002ac2   0x00000018   Code   RO         7690    i.OLED_OFF          oled_driver.o
    0x08002ada   0x08002ada   0x00000018   Code   RO         7691    i.OLED_ON           oled_driver.o
    0x08002af2   0x08002af2   0x00000006   Code   RO         1413    i.PWR_OverloadWfe   stm32f1xx_hal_pwr.o
    0x08002af8   0x08002af8   0x00000050   Code   RO         7692    i.SW_IIC_Configuration  oled_driver.o
    0x08002b48   0x08002b48   0x00000010   Code   RO         5074    i.ShutDown          my_menu.o
    0x08002b58   0x08002b58   0x00000034   Code   RO          255    i.StartButtonsTask  freertos.o
    0x08002b8c   0x08002b8c   0x0000002c   Code   RO          256    i.StartBuzzerTask   freertos.o
    0x08002bb8   0x08002bb8   0x00000054   Code   RO          257    i.StartDisplayTask  freertos.o
    0x08002c0c   0x08002c0c   0x00000058   Code   RO          258    i.StartSensorsTask  freertos.o
    0x08002c64   0x08002c64   0x000002b4   Code   RO          259    i.StartSystemTask   freertos.o
    0x08002f18   0x08002f18   0x00000014   Code   RO          631    i.SysTick_Handler   stm32f1xx_it.o
    0x08002f2c   0x08002f2c   0x0000005e   Code   RO           17    i.SystemClock_Config  main.o
    0x08002f8a   0x08002f8a   0x00000002   Code   RO         3118    i.SystemInit        system_stm32f1xx.o
    0x08002f8c   0x08002f8c   0x0000000c   Code   RO          632    i.TIM4_IRQHandler   stm32f1xx_it.o
    0x08002f98   0x08002f98   0x00000078   Code   RO         1876    i.TIM_Base_SetConfig  stm32f1xx_hal_tim.o
    0x08003010   0x08003010   0x0000001a   Code   RO         1877    i.TIM_CCxChannelCmd  stm32f1xx_hal_tim.o
    0x0800302a   0x0800302a   0x00000002   PAD
    0x0800302c   0x0800302c   0x00000050   Code   RO         1889    i.TIM_OC1_SetConfig  stm32f1xx_hal_tim.o
    0x0800307c   0x0800307c   0x00000058   Code   RO         1890    i.TIM_OC2_SetConfig  stm32f1xx_hal_tim.o
    0x080030d4   0x080030d4   0x00000058   Code   RO         1891    i.TIM_OC3_SetConfig  stm32f1xx_hal_tim.o
    0x0800312c   0x0800312c   0x00000044   Code   RO         1892    i.TIM_OC4_SetConfig  stm32f1xx_hal_tim.o
    0x08003170   0x08003170   0x000000bc   Code   RO         8773    i.TIM_PWM_Init_Init  beep.o
    0x0800322c   0x0800322c   0x0000004e   Code   RO         2807    i.UART_EndRxTransfer  stm32f1xx_hal_uart.o
    0x0800327a   0x0800327a   0x00000002   PAD
    0x0800327c   0x0800327c   0x000000b8   Code   RO         2810    i.UART_SetConfig    stm32f1xx_hal_uart.o
    0x08003334   0x08003334   0x00000036   Code   RO         2812    i.UART_Start_Receive_IT  stm32f1xx_hal_uart.o
    0x0800336a   0x0800336a   0x00000072   Code   RO         2813    i.UART_WaitOnFlagUntilTimeout  stm32f1xx_hal_uart.o
    0x080033dc   0x080033dc   0x00000048   Code   RO         5030    i.USART1_IRQHandler  usart.o
    0x08003424   0x08003424   0x00000002   Code   RO          633    i.UsageFault_Handler  stm32f1xx_it.o
    0x08003426   0x08003426   0x0000002e   Code   RO         7693    i.WriteCmd          oled_driver.o
    0x08003454   0x08003454   0x0000002e   Code   RO         7694    i.WriteDat          oled_driver.o
    0x08003482   0x08003482   0x00000002   PAD
    0x08003484   0x08003484   0x00000058   Code   RO         7695    i.Write_IIC_Byte    oled_driver.o
    0x080034dc   0x080034dc   0x00000020   Code   RO         9121    i.__0printf         mc_w.l(printfa.o)
    0x080034fc   0x080034fc   0x00000028   Code   RO         9123    i.__0sprintf        mc_w.l(printfa.o)
    0x08003524   0x08003524   0x00000010   Code   RO         9125    i.__0vprintf        mc_w.l(printfa.o)
    0x08003534   0x08003534   0x00000028   Code   RO         9246    i.__ARM_fpclassify  m_ws.l(fpclassify.o)
    0x0800355c   0x0800355c   0x00000020   Code   RO         1294    i.__NVIC_SetPriority  stm32f1xx_hal_cortex.o
    0x0800357c   0x0800357c   0x00000388   Code   RO         9251    i.__ieee754_rem_pio2  m_ws.l(rred.o)
    0x08003904   0x08003904   0x000000fc   Code   RO         9229    i.__kernel_cos      m_ws.l(cos_i.o)
    0x08003a00   0x08003a00   0x000000aa   Code   RO         9248    i.__kernel_poly     m_ws.l(poly.o)
    0x08003aaa   0x08003aaa   0x00000002   PAD
    0x08003aac   0x08003aac   0x000000ec   Code   RO         9256    i.__kernel_sin      m_ws.l(sin_i.o)
    0x08003b98   0x08003b98   0x00000006   Code   RO         9233    i.__mathlib_dbl_infnan  m_ws.l(dunder.o)
    0x08003b9e   0x08003b9e   0x00000004   Code   RO         9234    i.__mathlib_dbl_infnan2  m_ws.l(dunder.o)
    0x08003ba2   0x08003ba2   0x0000000c   Code   RO         9235    i.__mathlib_dbl_invalid  m_ws.l(dunder.o)
    0x08003bae   0x08003bae   0x00000002   PAD
    0x08003bb0   0x08003bb0   0x00000010   Code   RO         9238    i.__mathlib_dbl_underflow  m_ws.l(dunder.o)
    0x08003bc0   0x08003bc0   0x0000000e   Code   RO         9334    i.__scatterload_copy  mc_w.l(handlers.o)
    0x08003bce   0x08003bce   0x00000002   Code   RO         9335    i.__scatterload_null  mc_w.l(handlers.o)
    0x08003bd0   0x08003bd0   0x0000000e   Code   RO         9336    i.__scatterload_zeroinit  mc_w.l(handlers.o)
    0x08003bde   0x08003bde   0x00000002   PAD
    0x08003be0   0x08003be0   0x0000000c   Code   RO         9297    i.__set_errno       mc_w.l(errno.o)
    0x08003bec   0x08003bec   0x00000184   Code   RO         9128    i._fp_digits        mc_w.l(printfa.o)
    0x08003d70   0x08003d70   0x000006dc   Code   RO         9129    i._printf_core      mc_w.l(printfa.o)
    0x0800444c   0x0800444c   0x00000024   Code   RO         9130    i._printf_post_padding  mc_w.l(printfa.o)
    0x08004470   0x08004470   0x0000002e   Code   RO         9131    i._printf_pre_padding  mc_w.l(printfa.o)
    0x0800449e   0x0800449e   0x0000000a   Code   RO         9133    i._sputc            mc_w.l(printfa.o)
    0x080044a8   0x080044a8   0x00000080   Code   RO         8080    i.accel_self_test   inv_mpu.o
    0x08004528   0x08004528   0x00000024   Code   RO         6198    i.addBackOption     menu.o
    0x0800454c   0x0800454c   0x00000018   Code   RO         5377    i.alarm_get         alarm.o
    0x08004564   0x08004564   0x0000001c   Code   RO         5378    i.alarm_getNext     alarm.o
    0x08004580   0x08004580   0x00000004   Code   RO         5380    i.alarm_init        alarm.o
    0x08004584   0x08004584   0x00000018   Code   RO         5382    i.alarm_save        alarm.o
    0x0800459c   0x0800459c   0x00000064   Code   RO         5383    i.alarm_update      alarm.o
    0x08004600   0x08004600   0x00000004   Code   RO         5384    i.alarm_updateNextAlarm  alarm.o
    0x08004604   0x08004604   0x00000038   Code   RO         5475    i.alarmsDown        alarms.o
    0x0800463c   0x0800463c   0x000000b8   Code   RO         5476    i.alarmsDraw        alarms.o
    0x080046f4   0x080046f4   0x0000003c   Code   RO         5477    i.alarmsUp          alarms.o
    0x08004730   0x08004730   0x0000000c   Code   RO         5541    i.animation_active  animation.o
    0x0800473c   0x0800473c   0x00000014   Code   RO         5543    i.animation_movingOn  animation.o
    0x08004750   0x08004750   0x0000000c   Code   RO         5544    i.animation_offsetY  animation.o
    0x0800475c   0x0800475c   0x0000002c   Code   RO         5545    i.animation_start   animation.o
    0x08004788   0x08004788   0x0000007c   Code   RO         5546    i.animation_update  animation.o
    0x08004804   0x08004804   0x00000004   Code   RO         5597    i.appconfig_init    appconfig.o
    0x08004808   0x08004808   0x00000024   Code   RO         5598    i.appconfig_reset   appconfig.o
    0x0800482c   0x0800482c   0x00000002   Code   RO         5599    i.appconfig_save    appconfig.o
    0x0800482e   0x0800482e   0x00000002   PAD
    0x08004830   0x08004830   0x00000270   Code   RO         8827    i.asin              m_ws.l(asin.o)
    0x08004aa0   0x08004aa0   0x00000220   Code   RO         9220    i.atan              m_ws.l(atan.o)
    0x08004cc0   0x08004cc0   0x00000180   Code   RO         8837    i.atan2             m_ws.l(atan2.o)
    0x08004e40   0x08004e40   0x00000010   Code   RO         6199    i.back              menu.o
    0x08004e50   0x08004e50   0x00000006   Code   RO         6200    i.beginAnimation    menu.o
    0x08004e56   0x08004e56   0x00000006   Code   RO         6201    i.beginAnimation2   menu.o
    0x08004e5c   0x08004e5c   0x00000030   Code   RO         6823    i.beginSelect       timedate.o
    0x08004e8c   0x08004e8c   0x00000016   Code   RO         5639    i.bitCount          buttons.o
    0x08004ea2   0x08004ea2   0x00000002   PAD
    0x08004ea4   0x08004ea4   0x00000010   Code   RO         5930    i.btnDown           game2.o
    0x08004eb4   0x08004eb4   0x00000034   Code   RO         5879    i.btnExit           game1.o
    0x08004ee8   0x08004ee8   0x00000030   Code   RO         5931    i.btnExit           game2.o
    0x08004f18   0x08004f18   0x00000014   Code   RO         6674    i.btnExit           stopwatch.o
    0x08004f2c   0x08004f2c   0x00000014   Code   RO         6939    i.btnExit           torch.o
    0x08004f40   0x08004f40   0x00000024   Code   RO         7822    i.btnExit           mpu_task.o
    0x08004f64   0x08004f64   0x0000002c   Code   RO         6940    i.btnFlashRate      torch.o
    0x08004f90   0x08004f90   0x00000010   Code   RO         5880    i.btnLeft           game1.o
    0x08004fa0   0x08004fa0   0x00000018   Code   RO         6675    i.btnReset          stopwatch.o
    0x08004fb8   0x08004fb8   0x00000010   Code   RO         5881    i.btnRight          game1.o
    0x08004fc8   0x08004fc8   0x00000024   Code   RO         6676    i.btnStartStop      stopwatch.o
    0x08004fec   0x08004fec   0x0000000c   Code   RO         5932    i.btnUp             game2.o
    0x08004ff8   0x08004ff8   0x00000020   Code   RO         7823    i.btndown           mpu_task.o
    0x08005018   0x08005018   0x00000020   Code   RO         7824    i.btnup             mpu_task.o
    0x08005038   0x08005038   0x00000028   Code   RO         5640    i.buttons_init      buttons.o
    0x08005060   0x08005060   0x00000044   Code   RO         5641    i.buttons_isActive  buttons.o
    0x080050a4   0x080050a4   0x00000010   Code   RO         5642    i.buttons_setFunc   buttons.o
    0x080050b4   0x080050b4   0x00000010   Code   RO         5643    i.buttons_setFuncs  buttons.o
    0x080050c4   0x080050c4   0x000000c4   Code   RO         5645    i.buttons_startup   buttons.o
    0x08005188   0x08005188   0x00000004   Code   RO         5646    i.buttons_update    buttons.o
    0x0800518c   0x0800518c   0x00000034   Code   RO         5647    i.buttons_wake      buttons.o
    0x080051c0   0x080051c0   0x000000c4   Code   RO         8774    i.buzzer_buzz       beep.o
    0x08005284   0x08005284   0x0000000a   Code   RO         8775    i.buzzer_init       beep.o
    0x0800528e   0x0800528e   0x00000002   PAD
    0x08005290   0x08005290   0x0000002c   Code   RO         8777    i.buzzer_update     beep.o
    0x080052bc   0x080052bc   0x00000020   Code   RO         6202    i.checkScroll       menu.o
    0x080052dc   0x080052dc   0x0000000c   Code   RO         6203    i.clear             menu.o
    0x080052e8   0x080052e8   0x000000a0   Code   RO         5075    i.cmd2              my_menu.o
    0x08005388   0x08005388   0x0000001c   Code   RO         5076    i.cmd3              my_menu.o
    0x080053a4   0x080053a4   0x00000040   Code   RO           18    i.console_log       main.o
    0x080053e4   0x080053e4   0x00000044   Code   RO          260    i.console_log       freertos.o
    0x08005428   0x08005428   0x00000040   Code   RO         7151    i.console_log       watch_init.o
    0x08005468   0x08005468   0x00000148   Code   RO         5763    i.crt_animation     display.o
    0x080055b0   0x080055b0   0x0000003c   Code   RO         4949    i.delay_init        delay.o
    0x080055ec   0x080055ec   0x00000004   Code   RO         4950    i.delay_ms          delay.o
    0x080055f0   0x080055f0   0x0000001c   Code   RO         4951    i.delay_us          delay.o
    0x0800560c   0x0800560c   0x00000010   Code   RO         5764    i.display_load      display.o
    0x0800561c   0x0800561c   0x0000000c   Code   RO         5765    i.display_set       display.o
    0x08005628   0x08005628   0x00000010   Code   RO         5766    i.display_setDrawFunc  display.o
    0x08005638   0x08005638   0x0000003c   Code   RO         5767    i.display_startCRTAnim  display.o
    0x08005674   0x08005674   0x00000088   Code   RO         5768    i.display_update    display.o
    0x080056fc   0x080056fc   0x00000008   Code   RO         6015    i.div10             global.o
    0x08005704   0x08005704   0x0000003a   Code   RO         8435    i.dmp_enable_6x_lp_quat  inv_mpu_dmp_motion_driver.o
    0x0800573e   0x0800573e   0x00000002   PAD
    0x08005740   0x08005740   0x000001d8   Code   RO         8436    i.dmp_enable_feature  inv_mpu_dmp_motion_driver.o
    0x08005918   0x08005918   0x0000003c   Code   RO         8437    i.dmp_enable_gyro_cal  inv_mpu_dmp_motion_driver.o
    0x08005954   0x08005954   0x0000003a   Code   RO         8438    i.dmp_enable_lp_quat  inv_mpu_dmp_motion_driver.o
    0x0800598e   0x0800598e   0x00000030   Code   RO         8441    i.dmp_get_pedometer_step_count  inv_mpu_dmp_motion_driver.o
    0x080059be   0x080059be   0x00000002   PAD
    0x080059c0   0x080059c0   0x00000014   Code   RO         8443    i.dmp_load_motion_driver_firmware  inv_mpu_dmp_motion_driver.o
    0x080059d4   0x080059d4   0x00000144   Code   RO         8444    i.dmp_read_fifo     inv_mpu_dmp_motion_driver.o
    0x08005b18   0x08005b18   0x000000d8   Code   RO         8447    i.dmp_set_accel_bias  inv_mpu_dmp_motion_driver.o
    0x08005bf0   0x08005bf0   0x00000064   Code   RO         8448    i.dmp_set_fifo_rate  inv_mpu_dmp_motion_driver.o
    0x08005c54   0x08005c54   0x000000cc   Code   RO         8449    i.dmp_set_gyro_bias  inv_mpu_dmp_motion_driver.o
    0x08005d20   0x08005d20   0x0000010c   Code   RO         8451    i.dmp_set_orientation  inv_mpu_dmp_motion_driver.o
    0x08005e2c   0x08005e2c   0x00000030   Code   RO         8454    i.dmp_set_shake_reject_thresh  inv_mpu_dmp_motion_driver.o
    0x08005e5c   0x08005e5c   0x00000020   Code   RO         8455    i.dmp_set_shake_reject_time  inv_mpu_dmp_motion_driver.o
    0x08005e7c   0x08005e7c   0x00000020   Code   RO         8456    i.dmp_set_shake_reject_timeout  inv_mpu_dmp_motion_driver.o
    0x08005e9c   0x08005e9c   0x00000040   Code   RO         8457    i.dmp_set_tap_axes  inv_mpu_dmp_motion_driver.o
    0x08005edc   0x08005edc   0x00000022   Code   RO         8458    i.dmp_set_tap_count  inv_mpu_dmp_motion_driver.o
    0x08005efe   0x08005efe   0x00000002   PAD
    0x08005f00   0x08005f00   0x00000128   Code   RO         8459    i.dmp_set_tap_thresh  inv_mpu_dmp_motion_driver.o
    0x08006028   0x08006028   0x00000020   Code   RO         8460    i.dmp_set_tap_time  inv_mpu_dmp_motion_driver.o
    0x08006048   0x08006048   0x00000020   Code   RO         8461    i.dmp_set_tap_time_multi  inv_mpu_dmp_motion_driver.o
    0x08006068   0x08006068   0x00000010   Code   RO         6204    i.doAction          menu.o
    0x08006078   0x08006078   0x0000002c   Code   RO         6205    i.doBtn             menu.o
    0x080060a4   0x080060a4   0x0000005c   Code   RO         5385    i.draw              alarm.o
    0x08006100   0x08006100   0x00000364   Code   RO         5933    i.draw              game2.o
    0x08006464   0x08006464   0x000000a4   Code   RO         6413    i.draw              normal.o
    0x08006508   0x08006508   0x00000164   Code   RO         6677    i.draw              stopwatch.o
    0x0800666c   0x0800666c   0x0000004c   Code   RO         6941    i.draw              torch.o
    0x080066b8   0x080066b8   0x00000098   Code   RO         7825    i.draw              mpu_task.o
    0x08006750   0x08006750   0x00000058   Code   RO         7124    i.drawBattery       ui.o
    0x080067a8   0x080067a8   0x0000006c   Code   RO         6414    i.drawDate          normal.o
    0x08006814   0x08006814   0x00000080   Code   RO         6415    i.drawTickerNum     normal.o
    0x08006894   0x08006894   0x0000003c   Code   RO         6206    i.drawTitle         menu.o
    0x080068d0   0x080068d0   0x00000158   Code   RO         5819    i.draw_bitmap       draw.o
    0x08006a28   0x08006a28   0x00000014   Code   RO         5820    i.draw_clearArea    draw.o
    0x08006a3c   0x08006a3c   0x00000004   Code   RO         5821    i.draw_end          draw.o
    0x08006a40   0x08006a40   0x0000002c   Code   RO         7826    i.draw_point        mpu_task.o
    0x08006a6c   0x08006a6c   0x00000080   Code   RO         5822    i.draw_string       draw.o
    0x08006aec   0x08006aec   0x00000036   Code   RO         5823    i.draw_string_P     draw.o
    0x08006b22   0x08006b22   0x00000002   PAD
    0x08006b24   0x08006b24   0x000000d0   Code   RO         7827    i.dso               mpu_task.o
    0x08006bf4   0x08006bf4   0x00000034   Code   RO         6824    i.endSelect         timedate.o
    0x08006c28   0x08006c28   0x00000018   Code   RO         6207    i.exitSelected      menu.o
    0x08006c40   0x08006c40   0x00000018   Code   RO         5031    i.fputc             usart.o
    0x08006c58   0x08006c58   0x00000050   Code   RO         9149    i.free              mc_w.l(malloc.o)
    0x08006ca8   0x08006ca8   0x00000348   Code   RO         5882    i.game1_draw        game1.o
    0x08006ff0   0x08006ff0   0x00000088   Code   RO         5883    i.game1_start       game1.o
    0x08007078   0x08007078   0x0000006c   Code   RO         5934    i.game2_start       game2.o
    0x080070e4   0x080070e4   0x00000004   Code   RO         6152    i.getItemCount      m_main.o
    0x080070e8   0x080070e8   0x0000002c   Code   RO         5478    i.getMaxValForSetting  alarms.o
    0x08007114   0x08007114   0x00000040   Code   RO         6825    i.getMaxValForSetting  timedate.o
    0x08007154   0x08007154   0x000000a0   Code   RO         5386    i.getNextAlarm      alarm.o
    0x080071f4   0x080071f4   0x000000ac   Code   RO         8081    i.get_accel_prod_shift  inv_mpu.o
    0x080072a0   0x080072a0   0x00000314   Code   RO         8082    i.get_st_biases     inv_mpu.o
    0x080075b4   0x080075b4   0x00000060   Code   RO         5387    i.goingOff          alarm.o
    0x08007614   0x08007614   0x000000d4   Code   RO         8083    i.gyro_self_test    inv_mpu.o
    0x080076e8   0x080076e8   0x00000022   Code   RO         8084    i.inv_orientation_matrix_to_scalar  inv_mpu.o
    0x0800770a   0x0800770a   0x00000048   Code   RO         8085    i.inv_row_2_scale   inv_mpu.o
    0x08007752   0x08007752   0x00000002   PAD
    0x08007754   0x08007754   0x000000d0   Code   RO         5077    i.itemLoader        my_menu.o
    0x08007824   0x08007824   0x00000044   Code   RO         5324    i.itemLoader        sleep.o
    0x08007868   0x08007868   0x00000058   Code   RO         5479    i.itemLoader        alarms.o
    0x080078c0   0x080078c0   0x00000048   Code   RO         5727    i.itemLoader        diag.o
    0x08007908   0x08007908   0x00000044   Code   RO         5979    i.itemLoader        games.o
    0x0800794c   0x0800794c   0x0000000e   Code   RO         6057    i.itemLoader        m_display.o
    0x0800795a   0x0800795a   0x00000002   PAD
    0x0800795c   0x0800795c   0x000000c4   Code   RO         6153    i.itemLoader        m_main.o
    0x08007a20   0x08007a20   0x000000a0   Code   RO         6572    i.itemLoader        settings.o
    0x08007ac0   0x08007ac0   0x0000000e   Code   RO         6608    i.itemLoader        sound.o
    0x08007ace   0x08007ace   0x00000002   PAD
    0x08007ad0   0x08007ad0   0x000000d4   Code   RO         6826    i.itemLoader        timedate.o
    0x08007ba4   0x08007ba4   0x00000020   Code   RO         6208    i.loader            menu.o
    0x08007bc4   0x08007bc4   0x0000004c   Code   RO         5480    i.mAlarmsOpen       alarms.o
    0x08007c10   0x08007c10   0x00000050   Code   RO         5728    i.mDiagOpen         diag.o
    0x08007c60   0x08007c60   0x0000005c   Code   RO         6058    i.mDisplayOpen      m_display.o
    0x08007cbc   0x08007cbc   0x00000024   Code   RO         6827    i.mDown             timedate.o
    0x08007ce0   0x08007ce0   0x00000068   Code   RO         5325    i.mDraw             sleep.o
    0x08007d48   0x08007d48   0x0000004c   Code   RO         5980    i.mGamesOpen        games.o
    0x08007d94   0x08007d94   0x00000020   Code   RO         6154    i.mMainOpen         m_main.o
    0x08007db4   0x08007db4   0x00000074   Code   RO         6155    i.mOpen             m_main.o
    0x08007e28   0x08007e28   0x00000006   Code   RO         5078    i.mSelect           my_menu.o
    0x08007e2e   0x08007e2e   0x00000002   PAD
    0x08007e30   0x08007e30   0x00000024   Code   RO         5326    i.mSelect           sleep.o
    0x08007e54   0x08007e54   0x00000018   Code   RO         5481    i.mSelect           alarms.o
    0x08007e6c   0x08007e6c   0x00000024   Code   RO         5729    i.mSelect           diag.o
    0x08007e90   0x08007e90   0x00000018   Code   RO         5981    i.mSelect           games.o
    0x08007ea8   0x08007ea8   0x00000024   Code   RO         6059    i.mSelect           m_display.o
    0x08007ecc   0x08007ecc   0x00000018   Code   RO         6156    i.mSelect           m_main.o
    0x08007ee4   0x08007ee4   0x00000018   Code   RO         6573    i.mSelect           settings.o
    0x08007efc   0x08007efc   0x00000024   Code   RO         6609    i.mSelect           sound.o
    0x08007f20   0x08007f20   0x00000018   Code   RO         6828    i.mSelect           timedate.o
    0x08007f38   0x08007f38   0x00000050   Code   RO         6574    i.mSettingsOpen     settings.o
    0x08007f88   0x08007f88   0x0000005c   Code   RO         5327    i.mSleepOpen        sleep.o
    0x08007fe4   0x08007fe4   0x0000005c   Code   RO         6610    i.mSoundOpen        sound.o
    0x08008040   0x08008040   0x00000078   Code   RO         6829    i.mTimeDateOpen     timedate.o
    0x080080b8   0x080080b8   0x00000024   Code   RO         6830    i.mUp               timedate.o
    0x080080dc   0x080080dc   0x000000e4   Code   RO           19    i.main              main.o
    0x080081c0   0x080081c0   0x0000007c   Code   RO         5482    i.makeAlarmStr      alarms.o
    0x0800823c   0x0800823c   0x0000006c   Code   RO         9150    i.malloc            mc_w.l(malloc.o)
    0x080082a8   0x080082a8   0x0000001c   Code   RO         6209    i.menu_close        menu.o
    0x080082c4   0x080082c4   0x00000014   Code   RO         6210    i.menu_down         menu.o
    0x080082d8   0x080082d8   0x00000090   Code   RO         6211    i.menu_draw         menu.o
    0x08008368   0x08008368   0x000000e8   Code   RO         6212    i.menu_drawIcon     menu.o
    0x08008450   0x08008450   0x0000002c   Code   RO         6214    i.menu_select       menu.o
    0x0800847c   0x0800847c   0x00000014   Code   RO         6215    i.menu_up           menu.o
    0x08008490   0x08008490   0x0000000c   Code   RO         8086    i.mget_ms           inv_mpu.o
    0x0800849c   0x0800849c   0x00000004   Code   RO         6377    i.millis_get        millis.o
    0x080084a0   0x080084a0   0x0000000c   Code   RO         6378    i.millis_init       millis.o
    0x080084ac   0x080084ac   0x0000000c   Code   RO         6018    i.mod10             global.o
    0x080084b8   0x080084b8   0x00000068   Code   RO         6461    i.movecheck         pwrmgr.o
    0x08008520   0x08008520   0x00000054   Code   RO         8087    i.mpu_configure_fifo  inv_mpu.o
    0x08008574   0x08008574   0x0000019c   Code   RO         8088    i.mpu_dmp_get_data  inv_mpu.o
    0x08008710   0x08008710   0x000000a0   Code   RO         8089    i.mpu_dmp_init      inv_mpu.o
    0x080087b0   0x080087b0   0x0000003c   Code   RO         8090    i.mpu_get_accel_fsr  inv_mpu.o
    0x080087ec   0x080087ec   0x00000044   Code   RO         8092    i.mpu_get_accel_sens  inv_mpu.o
    0x08008830   0x08008830   0x00000034   Code   RO         8098    i.mpu_get_gyro_fsr  inv_mpu.o
    0x08008864   0x08008864   0x00000040   Code   RO         8100    i.mpu_get_gyro_sens  inv_mpu.o
    0x080088a4   0x080088a4   0x00000038   Code   RO         8102    i.mpu_get_lpf       inv_mpu.o
    0x080088dc   0x080088dc   0x0000001c   Code   RO         8104    i.mpu_get_sample_rate  inv_mpu.o
    0x080088f8   0x080088f8   0x00000188   Code   RO         8106    i.mpu_init          inv_mpu.o
    0x08008a80   0x08008a80   0x000000a0   Code   RO         8107    i.mpu_load_firmware  inv_mpu.o
    0x08008b20   0x08008b20   0x000000b8   Code   RO         8108    i.mpu_lp_accel_mode  inv_mpu.o
    0x08008bd8   0x08008bd8   0x0000003c   Code   RO         7828    i.mpu_open          mpu_task.o
    0x08008c14   0x08008c14   0x00000090   Code   RO         8111    i.mpu_read_fifo_stream  inv_mpu.o
    0x08008ca4   0x08008ca4   0x00000054   Code   RO         8112    i.mpu_read_mem      inv_mpu.o
    0x08008cf8   0x08008cf8   0x00000160   Code   RO         8115    i.mpu_reset_fifo    inv_mpu.o
    0x08008e58   0x08008e58   0x000000f0   Code   RO         8116    i.mpu_run_self_test  inv_mpu.o
    0x08008f48   0x08008f48   0x00000068   Code   RO         8118    i.mpu_set_accel_fsr  inv_mpu.o
    0x08008fb0   0x08008fb0   0x000000dc   Code   RO         8119    i.mpu_set_bypass    inv_mpu.o
    0x0800908c   0x0800908c   0x00000078   Code   RO         8121    i.mpu_set_dmp_state  inv_mpu.o
    0x08009104   0x08009104   0x0000006c   Code   RO         8122    i.mpu_set_gyro_fsr  inv_mpu.o
    0x08009170   0x08009170   0x00000064   Code   RO         8123    i.mpu_set_int_latched  inv_mpu.o
    0x080091d4   0x080091d4   0x0000006c   Code   RO         8125    i.mpu_set_lpf       inv_mpu.o
    0x08009240   0x08009240   0x00000080   Code   RO         8126    i.mpu_set_sample_rate  inv_mpu.o
    0x080092c0   0x080092c0   0x000000b8   Code   RO         8127    i.mpu_set_sensors   inv_mpu.o
    0x08009378   0x08009378   0x00000054   Code   RO         8128    i.mpu_write_mem     inv_mpu.o
    0x080093cc   0x080093cc   0x000000a0   Code   RO         7830    i.myOLED_DrawLine   mpu_task.o
    0x0800946c   0x0800946c   0x00000068   Code   RO         5079    i.my_menu_open      my_menu.o
    0x080094d4   0x080094d4   0x0000003c   Code   RO         6980    i.next              tune.o
    0x08009510   0x08009510   0x0000001c   Code   RO         6216    i.nextOption        menu.o
    0x0800952c   0x0800952c   0x00000054   Code   RO         8706    i.oled_flush        lcd.o
    0x08009580   0x08009580   0x0000001c   Code   RO         4301    i.osDelay           cmsis_os2.o
    0x0800959c   0x0800959c   0x00000010   Code   RO         4313    i.osKernelGetTickCount  cmsis_os2.o
    0x080095ac   0x080095ac   0x00000028   Code   RO         4315    i.osKernelInitialize  cmsis_os2.o
    0x080095d4   0x080095d4   0x00000038   Code   RO         4318    i.osKernelStart     cmsis_os2.o
    0x0800960c   0x0800960c   0x0000007c   Code   RO         4335    i.osMessageQueueNew  cmsis_os2.o
    0x08009688   0x08009688   0x0000005c   Code   RO         4338    i.osMutexAcquire    cmsis_os2.o
    0x080096e4   0x080096e4   0x00000098   Code   RO         4341    i.osMutexNew        cmsis_os2.o
    0x0800977c   0x0800977c   0x00000048   Code   RO         4342    i.osMutexRelease    cmsis_os2.o
    0x080097c4   0x080097c4   0x000000ba   Code   RO         4360    i.osThreadNew       cmsis_os2.o
    0x0800987e   0x0800987e   0x00000002   PAD
    0x08009880   0x08009880   0x0000001c   Code   RO         6217    i.prevOption        menu.o
    0x0800989c   0x0800989c   0x00000084   Code   RO         5648    i.processButton     buttons.o
    0x08009920   0x08009920   0x0000006c   Code   RO         5649    i.processButtons    buttons.o
    0x0800998c   0x0800998c   0x00000060   Code   RO         3740    i.prvAddCurrentTaskToDelayedList  tasks.o
    0x080099ec   0x080099ec   0x00000088   Code   RO         3741    i.prvAddNewTaskToReadyList  tasks.o
    0x08009a74   0x08009a74   0x00000058   Code   RO         4116    i.prvCheckForValidListAndQueue  timers.o
    0x08009acc   0x08009acc   0x0000003c   Code   RO         3742    i.prvCheckTasksWaitingTermination  tasks.o
    0x08009b08   0x08009b08   0x00000028   Code   RO         3327    i.prvCopyDataFromQueue  queue.o
    0x08009b30   0x08009b30   0x0000006e   Code   RO         3328    i.prvCopyDataToQueue  queue.o
    0x08009b9e   0x08009b9e   0x00000040   Code   RO         3743    i.prvDeleteTCB      tasks.o
    0x08009bde   0x08009bde   0x00000014   Code   RO         3329    i.prvGetDisinheritPriorityAfterTimeout  queue.o
    0x08009bf2   0x08009bf2   0x00000002   PAD
    0x08009bf4   0x08009bf4   0x00000024   Code   RO         4117    i.prvGetNextExpireTime  timers.o
    0x08009c18   0x08009c18   0x0000004c   Code   RO         4814    i.prvHeapInit       heap_4.o
    0x08009c64   0x08009c64   0x00000028   Code   RO         3744    i.prvIdleTask       tasks.o
    0x08009c8c   0x08009c8c   0x00000018   Code   RO         3330    i.prvInitialiseMutex  queue.o
    0x08009ca4   0x08009ca4   0x00000022   Code   RO         3331    i.prvInitialiseNewQueue  queue.o
    0x08009cc6   0x08009cc6   0x000000a8   Code   RO         3745    i.prvInitialiseNewTask  tasks.o
    0x08009d6e   0x08009d6e   0x00000002   PAD
    0x08009d70   0x08009d70   0x00000058   Code   RO         3746    i.prvInitialiseTaskLists  tasks.o
    0x08009dc8   0x08009dc8   0x00000054   Code   RO         4815    i.prvInsertBlockIntoFreeList  heap_4.o
    0x08009e1c   0x08009e1c   0x00000040   Code   RO         4119    i.prvInsertTimerInActiveList  timers.o
    0x08009e5c   0x08009e5c   0x0000001a   Code   RO         3332    i.prvIsQueueEmpty   queue.o
    0x08009e76   0x08009e76   0x0000001e   Code   RO         3333    i.prvIsQueueFull    queue.o
    0x08009e94   0x08009e94   0x00000068   Code   RO         4120    i.prvProcessExpiredTimer  timers.o
    0x08009efc   0x08009efc   0x000000fc   Code   RO         4121    i.prvProcessReceivedCommands  timers.o
    0x08009ff8   0x08009ff8   0x0000006c   Code   RO         4122    i.prvProcessTimerOrBlockTask  timers.o
    0x0800a064   0x0800a064   0x00000024   Code   RO         3748    i.prvResetNextTaskUnblockTime  tasks.o
    0x0800a088   0x0800a088   0x0000002c   Code   RO         4123    i.prvSampleTimeNow  timers.o
    0x0800a0b4   0x0800a0b4   0x00000070   Code   RO         4124    i.prvSwitchTimerLists  timers.o
    0x0800a124   0x0800a124   0x0000002c   Code   RO         4870    i.prvTaskExitError  port.o
    0x0800a150   0x0800a150   0x00000014   Code   RO         4125    i.prvTimerTask      timers.o
    0x0800a164   0x0800a164   0x0000006a   Code   RO         3334    i.prvUnlockQueue    queue.o
    0x0800a1ce   0x0800a1ce   0x00000002   PAD
    0x0800a1d0   0x0800a1d0   0x000000dc   Code   RO         4816    i.pvPortMalloc      heap_4.o
    0x0800a2ac   0x0800a2ac   0x00000018   Code   RO         3751    i.pvTaskIncrementMutexHeldCount  tasks.o
    0x0800a2c4   0x0800a2c4   0x00000010   Code   RO         6462    i.pwrmgr_init       pwrmgr.o
    0x0800a2d4   0x0800a2d4   0x00000064   Code   RO         6463    i.pwrmgr_update     pwrmgr.o
    0x0800a338   0x0800a338   0x00000014   Code   RO         6464    i.pwrmgr_userActive  pwrmgr.o
    0x0800a34c   0x0800a34c   0x0000001c   Code   RO         4871    i.pxPortInitialiseStack  port.o
    0x0800a368   0x0800a368   0x0000000c   Code   RO         5824    i.readPixels        draw.o
    0x0800a374   0x0800a374   0x00000080   Code   RO         8129    i.run_self_test     inv_mpu.o
    0x0800a3f4   0x0800a3f4   0x00000034   Code   RO         6831    i.saveTimeDate      timedate.o
    0x0800a428   0x0800a428   0x000001b4   Code   RO         5483    i.selectAlarm       alarms.o
    0x0800a5dc   0x0800a5dc   0x00000068   Code   RO         6832    i.selectDate        timedate.o
    0x0800a644   0x0800a644   0x00000088   Code   RO         6833    i.selectTime        timedate.o
    0x0800a6cc   0x0800a6cc   0x00000014   Code   RO         6060    i.setAnimations     m_display.o
    0x0800a6e0   0x0800a6e0   0x00000030   Code   RO         6061    i.setBrightness     m_display.o
    0x0800a710   0x0800a710   0x00000018   Code   RO         6062    i.setFPS            m_display.o
    0x0800a728   0x0800a728   0x00000014   Code   RO         6063    i.setInvert         m_display.o
    0x0800a73c   0x0800a73c   0x00000014   Code   RO         6218    i.setMenuFuncs      menu.o
    0x0800a750   0x0800a750   0x00000024   Code   RO         6219    i.setMenuInfo       menu.o
    0x0800a774   0x0800a774   0x000000b0   Code   RO         6220    i.setMenuOption     menu.o
    0x0800a824   0x0800a824   0x0000002c   Code   RO         6221    i.setMenuOption_P   menu.o
    0x0800a850   0x0800a850   0x000000a8   Code   RO         6064    i.setMenuOptions    m_display.o
    0x0800a8f8   0x0800a8f8   0x00000068   Code   RO         6611    i.setMenuOptions    sound.o
    0x0800a960   0x0800a960   0x00000014   Code   RO         5328    i.setMoveCheck      sleep.o
    0x0800a974   0x0800a974   0x00000024   Code   RO         6222    i.setPrevMenuExit   menu.o
    0x0800a998   0x0800a998   0x00000018   Code   RO         6223    i.setPrevMenuOpen   menu.o
    0x0800a9b0   0x0800a9b0   0x00000030   Code   RO         6065    i.setRotate         m_display.o
    0x0800a9e0   0x0800a9e0   0x00000018   Code   RO         5329    i.setTimeout        sleep.o
    0x0800a9f8   0x0800a9f8   0x0000000c   Code   RO         6612    i.setVolume         sound.o
    0x0800aa04   0x0800aa04   0x00000014   Code   RO         6613    i.setVolumeAlarm    sound.o
    0x0800aa18   0x0800aa18   0x00000014   Code   RO         6614    i.setVolumeHour     sound.o
    0x0800aa2c   0x0800aa2c   0x00000014   Code   RO         6615    i.setVolumeUI       sound.o
    0x0800aa40   0x0800aa40   0x00000058   Code   RO         8130    i.set_int_enable    inv_mpu.o
    0x0800aa98   0x0800aa98   0x000000a0   Code   RO         8853    i.sin               m_ws.l(sin.o)
    0x0800ab38   0x0800ab38   0x0000004c   Code   RO         9263    i.sqrt              m_ws.l(sqrt.o)
    0x0800ab84   0x0800ab84   0x00000018   Code   RO         7831    i.step_update       mpu_task.o
    0x0800ab9c   0x0800ab9c   0x00000038   Code   RO         8778    i.stop              beep.o
    0x0800abd4   0x0800abd4   0x0000002c   Code   RO         5388    i.stopAlarm         alarm.o
    0x0800ac00   0x0800ac00   0x00000010   Code   RO         6678    i.stopwatch_active  stopwatch.o
    0x0800ac10   0x0800ac10   0x0000002c   Code   RO         6679    i.stopwatch_open    stopwatch.o
    0x0800ac3c   0x0800ac3c   0x0000002c   Code   RO         6680    i.stopwatch_update  stopwatch.o
    0x0800ac68   0x0800ac68   0x00000038   Code   RO         6066    i.thisDraw          m_display.o
    0x0800aca0   0x0800aca0   0x00000044   Code   RO         6616    i.thisdraw          sound.o
    0x0800ace4   0x0800ace4   0x00000294   Code   RO         6416    i.ticker            normal.o
    0x0800af78   0x0800af78   0x00000048   Code   RO         6834    i.timeDataDown      timedate.o
    0x0800afc0   0x0800afc0   0x00000040   Code   RO         6835    i.timeDataUp        timedate.o
    0x0800b000   0x0800b000   0x000000c8   Code   RO         6836    i.timeDateDraw      timedate.o
    0x0800b0c8   0x0800b0c8   0x0000005c   Code   RO         6732    i.time_dow          time.o
    0x0800b124   0x0800b124   0x0000000c   Code   RO         6734    i.time_isLeapYear   time.o
    0x0800b130   0x0800b130   0x0000001c   Code   RO         6735    i.time_monthDayCount  time.o
    0x0800b14c   0x0800b14c   0x00000034   Code   RO         6736    i.time_set          time.o
    0x0800b180   0x0800b180   0x0000004c   Code   RO         6739    i.time_timeMode     time.o
    0x0800b1cc   0x0800b1cc   0x00000030   Code   RO         6740    i.time_timeStr      time.o
    0x0800b1fc   0x0800b1fc   0x00000084   Code   RO         6741    i.time_update       time.o
    0x0800b280   0x0800b280   0x00000004   Code   RO         6742    i.time_wake         time.o
    0x0800b284   0x0800b284   0x00000018   Code   RO         5389    i.toMinutes         alarm.o
    0x0800b29c   0x0800b29c   0x00000034   Code   RO         6942    i.torch_open        torch.o
    0x0800b2d0   0x0800b2d0   0x00000024   Code   RO         6981    i.tune_play         tune.o
    0x0800b2f4   0x0800b2f4   0x0000001c   Code   RO         6982    i.tune_stop         tune.o
    0x0800b310   0x0800b310   0x000000cc   Code   RO         5032    i.uart_init         usart.o
    0x0800b3dc   0x0800b3dc   0x0000001c   Code   RO         6465    i.userWake          pwrmgr.o
    0x0800b3f8   0x0800b3f8   0x00000026   Code   RO         3287    i.uxListRemove      list.o
    0x0800b41e   0x0800b41e   0x00000002   PAD
    0x0800b420   0x0800b420   0x00000014   Code   RO         4372    i.vApplicationGetIdleTaskMemory  cmsis_os2.o
    0x0800b434   0x0800b434   0x00000018   Code   RO         4373    i.vApplicationGetTimerTaskMemory  cmsis_os2.o
    0x0800b44c   0x0800b44c   0x00000028   Code   RO          262    i.vApplicationStackOverflowHook  freertos.o
    0x0800b474   0x0800b474   0x00000016   Code   RO         3288    i.vListInitialise   list.o
    0x0800b48a   0x0800b48a   0x00000006   Code   RO         3289    i.vListInitialiseItem  list.o
    0x0800b490   0x0800b490   0x00000030   Code   RO         3290    i.vListInsert       list.o
    0x0800b4c0   0x0800b4c0   0x00000018   Code   RO         3291    i.vListInsertEnd    list.o
    0x0800b4d8   0x0800b4d8   0x00000040   Code   RO         4873    i.vPortEnterCritical  port.o
    0x0800b518   0x0800b518   0x0000002c   Code   RO         4874    i.vPortExitCritical  port.o
    0x0800b544   0x0800b544   0x00000064   Code   RO         4817    i.vPortFree         heap_4.o
    0x0800b5a8   0x0800b5a8   0x00000024   Code   RO         4875    i.vPortSetupTimerInterrupt  port.o
    0x0800b5cc   0x0800b5cc   0x00000054   Code   RO         4876    i.vPortValidateInterruptPriority  port.o
    0x0800b620   0x0800b620   0x00000024   Code   RO         3340    i.vQueueAddToRegistry  queue.o
    0x0800b644   0x0800b644   0x00000046   Code   RO         3344    i.vQueueWaitForMessageRestricted  queue.o
    0x0800b68a   0x0800b68a   0x00000002   PAD
    0x0800b68c   0x0800b68c   0x00000050   Code   RO         3761    i.vTaskDelay        tasks.o
    0x0800b6dc   0x0800b6dc   0x00000010   Code   RO         3766    i.vTaskInternalSetTimeOutState  tasks.o
    0x0800b6ec   0x0800b6ec   0x0000000c   Code   RO         3767    i.vTaskMissedYield  tasks.o
    0x0800b6f8   0x0800b6f8   0x00000034   Code   RO         3769    i.vTaskPlaceOnEventList  tasks.o
    0x0800b72c   0x0800b72c   0x0000003c   Code   RO         3770    i.vTaskPlaceOnEventListRestricted  tasks.o
    0x0800b768   0x0800b768   0x00000094   Code   RO         3772    i.vTaskPriorityDisinheritAfterTimeout  tasks.o
    0x0800b7fc   0x0800b7fc   0x00000090   Code   RO         3778    i.vTaskStartScheduler  tasks.o
    0x0800b88c   0x0800b88c   0x00000010   Code   RO         3780    i.vTaskSuspendAll   tasks.o
    0x0800b89c   0x0800b89c   0x00000090   Code   RO         3781    i.vTaskSwitchContext  tasks.o
    0x0800b92c   0x0800b92c   0x0000037c   Code   RO         7152    i.watch_hardware_init  watch_init.o
    0x0800bca8   0x0800bca8   0x0000002c   Code   RO         6417    i.watchface_normal  normal.o
    0x0800bcd4   0x0800bcd4   0x0000000c   Code   RO         4820    i.xPortGetFreeHeapSize  heap_4.o
    0x0800bce0   0x0800bce0   0x000000a8   Code   RO         4877    i.xPortStartScheduler  port.o
    0x0800bd88   0x0800bd88   0x0000002c   Code   RO         4878    i.xPortSysTickHandler  port.o
    0x0800bdb4   0x0800bdb4   0x00000018   Code   RO         3347    i.xQueueCreateMutex  queue.o
    0x0800bdcc   0x0800bdcc   0x0000001c   Code   RO         3348    i.xQueueCreateMutexStatic  queue.o
    0x0800bde8   0x0800bde8   0x00000044   Code   RO         3349    i.xQueueGenericCreate  queue.o
    0x0800be2c   0x0800be2c   0x0000006c   Code   RO         3350    i.xQueueGenericCreateStatic  queue.o
    0x0800be98   0x0800be98   0x0000008c   Code   RO         3351    i.xQueueGenericReset  queue.o
    0x0800bf24   0x0800bf24   0x00000164   Code   RO         3352    i.xQueueGenericSend  queue.o
    0x0800c088   0x0800c088   0x000000c0   Code   RO         3353    i.xQueueGenericSendFromISR  queue.o
    0x0800c148   0x0800c148   0x00000040   Code   RO         3357    i.xQueueGiveMutexRecursive  queue.o
    0x0800c188   0x0800c188   0x0000013c   Code   RO         3362    i.xQueueReceive     queue.o
    0x0800c2c4   0x0800c2c4   0x0000017c   Code   RO         3364    i.xQueueSemaphoreTake  queue.o
    0x0800c440   0x0800c440   0x00000042   Code   RO         3365    i.xQueueTakeMutexRecursive  queue.o
    0x0800c482   0x0800c482   0x00000002   PAD
    0x0800c484   0x0800c484   0x0000007c   Code   RO         3783    i.xTaskCheckForTimeOut  tasks.o
    0x0800c500   0x0800c500   0x00000064   Code   RO         3784    i.xTaskCreate       tasks.o
    0x0800c564   0x0800c564   0x0000005c   Code   RO         3785    i.xTaskCreateStatic  tasks.o
    0x0800c5c0   0x0800c5c0   0x0000000c   Code   RO         3788    i.xTaskGetCurrentTaskHandle  tasks.o
    0x0800c5cc   0x0800c5cc   0x0000001c   Code   RO         3789    i.xTaskGetSchedulerState  tasks.o
    0x0800c5e8   0x0800c5e8   0x0000000c   Code   RO         3790    i.xTaskGetTickCount  tasks.o
    0x0800c5f4   0x0800c5f4   0x00000010   Code   RO         3791    i.xTaskGetTickCountFromISR  tasks.o
    0x0800c604   0x0800c604   0x000000cc   Code   RO         3792    i.xTaskIncrementTick  tasks.o
    0x0800c6d0   0x0800c6d0   0x0000007c   Code   RO         3795    i.xTaskPriorityDisinherit  tasks.o
    0x0800c74c   0x0800c74c   0x0000007c   Code   RO         3796    i.xTaskPriorityInherit  tasks.o
    0x0800c7c8   0x0800c7c8   0x00000078   Code   RO         3797    i.xTaskRemoveFromEventList  tasks.o
    0x0800c840   0x0800c840   0x000000c8   Code   RO         3798    i.xTaskResumeAll    tasks.o
    0x0800c908   0x0800c908   0x00000068   Code   RO         4134    i.xTimerCreateTimerTask  timers.o
    0x0800c970   0x0800c970   0x0000006c   Code   RO         4135    i.xTimerGenericCommand  timers.o
    0x0800c9dc   0x0800c9dc   0x000000b4   Data   RO          263    .constdata          freertos.o
    0x0800ca90   0x0800ca90   0x00000012   Data   RO          992    .constdata          stm32f1xx_hal_rcc.o
    0x0800caa2   0x0800caa2   0x00000010   Data   RO         3119    .constdata          system_stm32f1xx.o
    0x0800cab2   0x0800cab2   0x00000008   Data   RO         3120    .constdata          system_stm32f1xx.o
    0x0800caba   0x0800caba   0x00000011   Data   RO         5885    .constdata          game1.o
    0x0800cacb   0x0800cacb   0x00000026   Data   RO         5936    .constdata          game2.o
    0x0800caf1   0x0800caf1   0x00000005   Data   RO         6225    .constdata          menu.o
    0x0800caf6   0x0800caf6   0x00000008   Data   RO         6512    .constdata          resources.o
    0x0800cafe   0x0800cafe   0x0000001c   Data   RO         6513    .constdata          resources.o
    0x0800cb1a   0x0800cb1a   0x00000030   Data   RO         6514    .constdata          resources.o
    0x0800cb4a   0x0800cb4a   0x00000007   Data   RO         6515    .constdata          resources.o
    0x0800cb51   0x0800cb51   0x00000008   Data   RO         6516    .constdata          resources.o
    0x0800cb59   0x0800cb59   0x00000080   Data   RO         6519    .constdata          resources.o
    0x0800cbd9   0x0800cbd9   0x00000080   Data   RO         6520    .constdata          resources.o
    0x0800cc59   0x0800cc59   0x00000080   Data   RO         6521    .constdata          resources.o
    0x0800ccd9   0x0800ccd9   0x00000080   Data   RO         6522    .constdata          resources.o
    0x0800cd59   0x0800cd59   0x00000200   Data   RO         6523    .constdata          resources.o
    0x0800cf59   0x0800cf59   0x00000080   Data   RO         6524    .constdata          resources.o
    0x0800cfd9   0x0800cfd9   0x00000100   Data   RO         6525    .constdata          resources.o
    0x0800d0d9   0x0800d0d9   0x00000200   Data   RO         6526    .constdata          resources.o
    0x0800d2d9   0x0800d2d9   0x00000080   Data   RO         6527    .constdata          resources.o
    0x0800d359   0x0800d359   0x00000080   Data   RO         6528    .constdata          resources.o
    0x0800d3d9   0x0800d3d9   0x00000080   Data   RO         6529    .constdata          resources.o
    0x0800d459   0x0800d459   0x00000010   Data   RO         6530    .constdata          resources.o
    0x0800d469   0x0800d469   0x00000010   Data   RO         6531    .constdata          resources.o
    0x0800d479   0x0800d479   0x00000010   Data   RO         6532    .constdata          resources.o
    0x0800d489   0x0800d489   0x00000010   Data   RO         6533    .constdata          resources.o
    0x0800d499   0x0800d499   0x000001e5   Data   RO         6534    .constdata          resources.o
    0x0800d67e   0x0800d67e   0x00000008   Data   RO         6535    .constdata          resources.o
    0x0800d686   0x0800d686   0x0000023a   Data   RO         6536    .constdata          resources.o
    0x0800d8c0   0x0800d8c0   0x000000dc   Data   RO         6537    .constdata          resources.o
    0x0800d99c   0x0800d99c   0x00000012   Data   RO         6538    .constdata          resources.o
    0x0800d9ae   0x0800d9ae   0x00000024   Data   RO         6539    .constdata          resources.o
    0x0800d9d2   0x0800d9d2   0x00000024   Data   RO         6540    .constdata          resources.o
    0x0800d9f6   0x0800d9f6   0x00000080   Data   RO         6541    .constdata          resources.o
    0x0800da76   0x0800da76   0x00000080   Data   RO         6542    .constdata          resources.o
    0x0800daf6   0x0800daf6   0x00000080   Data   RO         6543    .constdata          resources.o
    0x0800db76   0x0800db76   0x00000080   Data   RO         6544    .constdata          resources.o
    0x0800dbf6   0x0800dbf6   0x00000080   Data   RO         6545    .constdata          resources.o
    0x0800dc76   0x0800dc76   0x00000080   Data   RO         6546    .constdata          resources.o
    0x0800dcf6   0x0800dcf6   0x00000080   Data   RO         6547    .constdata          resources.o
    0x0800dd76   0x0800dd76   0x0000000c   Data   RO         6744    .constdata          time.o
    0x0800dd82   0x0800dd82   0x00000002   PAD
    0x0800dd84   0x0800dd84   0x000000ec   Data   RO         6914    .constdata          tones_data.o
    0x0800de70   0x0800de70   0x00000010   Data   RO         7098    .constdata          tunes.o
    0x0800de80   0x0800de80   0x00000010   Data   RO         7099    .constdata          tunes.o
    0x0800de90   0x0800de90   0x00000010   Data   RO         7100    .constdata          tunes.o
    0x0800dea0   0x0800dea0   0x0000001b   Data   RO         8132    .constdata          inv_mpu.o
    0x0800debb   0x0800debb   0x00000001   PAD
    0x0800debc   0x0800debc   0x0000000c   Data   RO         8133    .constdata          inv_mpu.o
    0x0800dec8   0x0800dec8   0x00000028   Data   RO         8134    .constdata          inv_mpu.o
    0x0800def0   0x0800def0   0x00000bf6   Data   RO         8463    .constdata          inv_mpu_dmp_motion_driver.o
    0x0800eae6   0x0800eae6   0x00000002   PAD
    0x0800eae8   0x0800eae8   0x00000050   Data   RO         8828    .constdata          m_ws.l(asin.o)
    0x0800eb38   0x0800eb38   0x00000098   Data   RO         9221    .constdata          m_ws.l(atan.o)
    0x0800ebd0   0x0800ebd0   0x00000030   Data   RO         9230    .constdata          m_ws.l(cos_i.o)
    0x0800ec00   0x0800ec00   0x00000008   Data   RO         9250    .constdata          m_ws.l(qnan.o)
    0x0800ec08   0x0800ec08   0x000000c8   Data   RO         9253    .constdata          m_ws.l(rred.o)
    0x0800ecd0   0x0800ecd0   0x00000028   Data   RO         9257    .constdata          m_ws.l(sin_i.o)
    0x0800ecf8   0x0800ecf8   0x00000040   Data   RO         9330    .constdata          mc_w.l(ctype_c.o)
    0x0800ed38   0x0800ed38   0x00000074   Data   RO          264    .conststring        freertos.o
    0x0800edac   0x0800edac   0x0000004d   Data   RO         8135    .conststring        inv_mpu.o
    0x0800edf9   0x0800edf9   0x00000003   PAD
    0x0800edfc   0x0800edfc   0x00000020   Data   RO         9332    Region$$Table       anon$$obj.o


    Execution Region RW_IRAM1 (Exec base: 0x20000000, Load base: 0x0800ee1c, Size: 0x00004470, Max: 0x00005000, ABSOLUTE, COMPRESSED[0x0000004c])

    Exec Addr    Load Addr    Size         Type   Attr      Idx    E Section Name        Object

    0x20000000   COMPRESSED   0x00000028   Data   RW          265    .data               freertos.o
    0x20000028   COMPRESSED   0x00000001   Data   RW          634    .data               stm32f1xx_it.o
    0x20000029   COMPRESSED   0x00000003   PAD
    0x2000002c   COMPRESSED   0x0000000c   Data   RW          829    .data               stm32f1xx_hal.o
    0x20000038   COMPRESSED   0x00000004   Data   RW         3121    .data               system_stm32f1xx.o
    0x2000003c   COMPRESSED   0x0000003c   Data   RW         3801    .data               tasks.o
    0x20000078   COMPRESSED   0x00000014   Data   RW         4143    .data               timers.o
    0x2000008c   COMPRESSED   0x00000004   Data   RW         4376    .data               cmsis_os2.o
    0x20000090   COMPRESSED   0x00000020   Data   RW         4823    .data               heap_4.o
    0x200000b0   COMPRESSED   0x0000000c   Data   RW         4879    .data               port.o
    0x200000bc   COMPRESSED   0x00000001   Data   RW         4952    .data               delay.o
    0x200000bd   COMPRESSED   0x00000001   PAD
    0x200000be   COMPRESSED   0x00000002   Data   RW         5034    .data               usart.o
    0x200000c0   COMPRESSED   0x00000001   Data   RW         5080    .data               my_menu.o
    0x200000c1   COMPRESSED   0x00000003   PAD
    0x200000c4   COMPRESSED   0x0000000c   Data   RW         5330    .data               sleep.o
    0x200000d0   COMPRESSED   0x00000023   Data   RW         5390    .data               alarm.o
    0x200000f3   COMPRESSED   0x00000001   PAD
    0x200000f4   COMPRESSED   0x00000010   Data   RW         5484    .data               alarms.o
    0x20000104   COMPRESSED   0x00000004   Data   RW         5651    .data               buttons.o
    0x20000108   COMPRESSED   0x00000008   Data   RW         5730    .data               diag.o
    0x20000110   COMPRESSED   0x00000016   Data   RW         5769    .data               display.o
    0x20000126   COMPRESSED   0x00000002   PAD
    0x20000128   COMPRESSED   0x00000010   Data   RW         5886    .data               game1.o
    0x20000138   COMPRESSED   0x00000014   Data   RW         5937    .data               game2.o
    0x2000014c   COMPRESSED   0x00000008   Data   RW         5982    .data               games.o
    0x20000154   COMPRESSED   0x00000008   Data   RW         6067    .data               m_display.o
    0x2000015c   COMPRESSED   0x00000008   Data   RW         6157    .data               m_main.o
    0x20000164   COMPRESSED   0x00000008   Data   RW         6226    .data               menu.o
    0x2000016c   COMPRESSED   0x00000002   Data   RW         6227    .data               menu.o
    0x2000016e   COMPRESSED   0x00000002   PAD
    0x20000170   COMPRESSED   0x00000004   Data   RW         6379    .data               millis.o
    0x20000174   COMPRESSED   0x0000000b   Data   RW         6418    .data               normal.o
    0x2000017f   COMPRESSED   0x00000001   PAD
    0x20000180   COMPRESSED   0x0000000a   Data   RW         6466    .data               pwrmgr.o
    0x2000018a   COMPRESSED   0x00000002   PAD
    0x2000018c   COMPRESSED   0x00000008   Data   RW         6575    .data               settings.o
    0x20000194   COMPRESSED   0x00000008   Data   RW         6617    .data               sound.o
    0x2000019c   COMPRESSED   0x0000000c   Data   RW         6681    .data               stopwatch.o
    0x200001a8   COMPRESSED   0x00000009   Data   RW         6745    .data               time.o
    0x200001b1   COMPRESSED   0x00000003   PAD
    0x200001b4   COMPRESSED   0x00000014   Data   RW         6837    .data               timedate.o
    0x200001c8   COMPRESSED   0x00000008   Data   RW         6943    .data               torch.o
    0x200001d0   COMPRESSED   0x00000008   Data   RW         6983    .data               tune.o
    0x200001d8   COMPRESSED   0x00000004   Data   RW         7125    .data               ui.o
    0x200001dc   COMPRESSED   0x0000001c   Data   RW         7833    .data               mpu_task.o
    0x200001f8   COMPRESSED   0x00000002   Data   RW         7920    .data               mpu6050.o
    0x200001fa   COMPRESSED   0x00000002   PAD
    0x200001fc   COMPRESSED   0x00000035   Data   RW         8136    .data               inv_mpu.o
    0x20000231   COMPRESSED   0x00000003   PAD
    0x20000234   COMPRESSED   0x0000000c   Data   RW         8780    .data               beep.o
    0x20000240   COMPRESSED   0x00000004   Data   RW         8868    .data               mc_w.l(rand.o)
    0x20000244   COMPRESSED   0x00000004   Data   RW         9284    .data               mc_w.l(stdout.o)
    0x20000248   COMPRESSED   0x00000004   Data   RW         9293    .data               mc_w.l(mvars.o)
    0x2000024c   COMPRESSED   0x00000004   Data   RW         9294    .data               mc_w.l(mvars.o)
    0x20000250   COMPRESSED   0x00000004   Data   RW         9298    .data               mc_w.l(errno.o)
    0x20000254        -       0x00000048   Zero   RW           20    .bss                main.o
    0x2000029c        -       0x00000040   Zero   RW         3366    .bss                queue.o
    0x200002dc        -       0x000004c4   Zero   RW         3800    .bss                tasks.o
    0x200007a0        -       0x00000118   Zero   RW         4142    .bss                timers.o
    0x200008b8        -       0x000006b8   Zero   RW         4375    .bss                cmsis_os2.o
    0x20000f70        -       0x00002800   Zero   RW         4822    .bss                heap_4.o
    0x20003770        -       0x00000110   Zero   RW         5033    .bss                usart.o
    0x20003880        -       0x0000000c   Zero   RW         5547    .bss                animation.o
    0x2000388c        -       0x0000000c   Zero   RW         5600    .bss                appconfig.o
    0x20003898        -       0x00000030   Zero   RW         5650    .bss                buttons.o
    0x200038c8        -       0x00000010   Zero   RW         5884    .bss                game1.o
    0x200038d8        -       0x00000009   Zero   RW         5935    .bss                game2.o
    0x200038e1   COMPRESSED   0x00000003   PAD
    0x200038e4        -       0x00000024   Zero   RW         6224    .bss                menu.o
    0x20003908        -       0x00000009   Zero   RW         6743    .bss                time.o
    0x20003911        -       0x00000100   Zero   RW         7832    .bss                mpu_task.o
    0x20003a11   COMPRESSED   0x00000003   PAD
    0x20003a14        -       0x00000010   Zero   RW         8462    .bss                inv_mpu_dmp_motion_driver.o
    0x20003a24        -       0x00000400   Zero   RW         8707    .bss                lcd.o
    0x20003e24        -       0x00000048   Zero   RW         8779    .bss                beep.o
    0x20003e6c   COMPRESSED   0x00000004   PAD
    0x20003e70        -       0x00000200   Zero   RW            2    HEAP                startup_stm32f103xb.o
    0x20004070        -       0x00000400   Zero   RW            1    STACK               startup_stm32f103xb.o


==============================================================================

Image component sizes


      Code (inc. data)   RO Data    RW Data    ZI Data      Debug   Object Name

       636         70          0         35          0       7030   alarm.o
      1092        194          0         16          0       6254   alarms.o
       212         32          0          0         12       2765   animation.o
        42          6          0          0         12       1952   appconfig.o
       494         52          0         12         72       3680   beep.o
       654        108          0          4         48       6165   buttons.o
       810         24          0          4       1720      44843   cmsis_os2.o
        92         28          0          1          0       1443   delay.o
       188         80          0          8          0       1484   diag.o
       568         46          0         22          0       4688   display.o
       562         20          0          0          0       5524   draw.o
         0          0          0          0          0      19488   event_groups.o
      1412        582        296         40          0      29755   freertos.o
      1060        118         17         16         16       4611   game1.o
      1052        124         38         20          9       4496   game2.o
       168         70          0          8          0       1869   games.o
        20          0          0          0          0        904   global.o
        44          6          0          0          0        747   gpio.o
       492         32          0         32      10240       5330   heap_4.o
      5330        290        156         53          0      31130   inv_mpu.o
      2398        118       3062          0         16      20149   inv_mpu_dmp_motion_driver.o
       128         16          0          0       1024       1677   lcd.o
       138          0          0          0          0       3314   list.o
       526        176          0          8          0       5080   m_display.o
       372        180          0          8          0       2640   m_main.o
       466        178          0          0         72     441307   main.o
      1164        166          5         10         36      14338   menu.o
        16          4          0          4          0       1042   millis.o
       734         16          0          2          0       7826   mpu6050.o
       748        104          0         28        256       5985   mpu_task.o
       616         68          0          0          0       4998   mpuiic.o
       546        196          0          1          0       7753   my_menu.o
      1104        118          0         11          0       4071   normal.o
         4          0          0          0          0        404   oled_basic.o
        14          0          0          0          0        453   oled_config.o
       698         30          0          0          0       5984   oled_driver.o
       662         70          0         12          0      10601   port.o
       268         34          0         10          0       3486   pwrmgr.o
      2238         24          0          0         64      23976   queue.o
         0          0       4736          0          0       2390   resources.o
       264        132          0          8          0       1500   settings.o
       344        120          0         12          0       3205   sleep.o
       386        126          0          8          0       4337   sound.o
        36          8        236          0       1536        784   startup_stm32f103xb.o
       100         18          0         12          0       5122   stm32f1xx_hal.o
       192         14          0          0          0      28748   stm32f1xx_hal_cortex.o
       500         34          0          0          0       3447   stm32f1xx_hal_gpio.o
       112         20          0          0          0       1385   stm32f1xx_hal_msp.o
        74          8          0          0          0       1080   stm32f1xx_hal_pwr.o
      1460        102         18          0          0       5781   stm32f1xx_hal_rcc.o
      1524         60          0          0          0      13337   stm32f1xx_hal_tim.o
         4          0          0          0          0       1533   stm32f1xx_hal_tim_ex.o
       720          6          0          0          0       6365   stm32f1xx_hal_uart.o
       152         30          0          1          0       9345   stm32f1xx_it.o
       540         64          0         12          0       4015   stopwatch.o
         0          0          0          0          0       9508   stream_buffer.o
         0          0          0          0          0       1520   sys.o
         2          0         24          4          0       1067   system_stm32f1xx.o
      2540        216          0         60       1220      30534   tasks.o
       444         42         12          9          9       5286   time.o
      1220        294          0         20          0       8096   timedate.o
      1040         88          0         20        280      30119   timers.o
         0          0        236          0          0        548   tones_data.o
       192         36          0          8          0       2065   torch.o
       124         18          0          8          0       2072   tune.o
         0          0         48          0          0        827   tunes.o
        88         30          0          4          0        695   ui.o
       300         34          0          2        272       2279   usart.o
       956        578          0          0          0       1730   watch_init.o

    ----------------------------------------------------------------------
     41140       5458       8924        576      16924     937962   Object Totals
         0          0         32          0          0          0   (incl. Generated)
        58          0          8         23         10          0   (incl. Padding)

    ----------------------------------------------------------------------

      Code (inc. data)   RO Data    RW Data    ZI Data      Debug   Library Member Name

       624         52         80          0          0        168   asin.o
       544         70        152          0          0        124   atan.o
       384         38          0          0          0        144   atan2.o
       252         22         48          0          0        124   cos_i.o
        38          6          0          0          0        272   dunder.o
        40          0          0          0          0         68   fpclassify.o
       170          0          0          0          0         96   poly.o
         0          0          8          0          0          0   qnan.o
       904         76        200          0          0        140   rred.o
       160         10          0          0          0        108   sin.o
       236         12         40          0          0        128   sin_i.o
        76          0          0          0          0         84   sqrt.o
        56          8          0          0          0         84   __0sscanf.o
        86          0          0          0          0          0   __dczerorl2.o
        28          0          0          0          0         68   _chval.o
       812          4          0          0          0        112   _scanf.o
       332          0          0          0          0         96   _scanf_int.o
        64          0          0          0          0         84   _sgetc.o
        28          0          0          0          0         76   calloc.o
        40          6         64          0          0         68   ctype_c.o
         0          0          0          0          0          0   entry.o
         0          0          0          0          0          0   entry10a.o
         0          0          0          0          0          0   entry11a.o
         8          4          0          0          0          0   entry2.o
         4          0          0          0          0          0   entry5.o
         0          0          0          0          0          0   entry7b.o
         0          0          0          0          0          0   entry8b.o
         8          4          0          0          0          0   entry9a.o
        12          6          0          4          0         68   errno.o
        30          0          0          0          0          0   handlers.o
        36          8          0          0          0         68   init.o
        10          0          0          0          0         68   isspace_c.o
         0          0          0          0          0          0   iusefp.o
        98          0          0          0          0         84   ldiv.o
        30          0          0          0          0         68   llshl.o
        36          0          0          0          0         68   llsshr.o
        32          0          0          0          0         68   llushr.o
       188         20          0          0          0        160   malloc.o
        26          0          0          0          0         80   memcmp.o
        36          0          0          0          0         68   memcpya.o
        36          0          0          0          0        108   memseta.o
         0          0          0          8          0          0   mvars.o
      2324        104          0          0          0        672   printfa.o
        36         10          0          4          0        136   rand.o
        40          8          0          0          0         84   scanf_char.o
         0          0          0          4          0          0   stdout.o
        18          0          0          0          0         68   strcpy.o
        14          0          0          0          0         68   strlen.o
        30          0          0          0          0         80   strncmp.o
        36          0          0          0          0         80   strstr.o
        44          0          0          0          0         80   uidiv.o
        98          0          0          0          0         92   uldiv.o
        48          0          0          0          0         68   cdrcmple.o
        20          0          0          0          0         68   cfcmple.o
        20          0          0          0          0         68   cfrcmple.o
        56          0          0          0          0         88   d2f.o
       334          0          0          0          0        148   dadd.o
       222          0          0          0          0        100   ddiv.o
       186          0          0          0          0        176   depilogue.o
        62          0          0          0          0         80   dfixi.o
        48          0          0          0          0         68   dfixul.o
        34          0          0          0          0         76   dflti.o
        26          0          0          0          0         76   dfltui.o
       228          0          0          0          0         96   dmul.o
        46          0          0          0          0         80   dscalb.o
       162          0          0          0          0        100   dsqrt.o
        38          0          0          0          0         68   f2d.o
       176          0          0          0          0        140   fadd.o
       124          0          0          0          0         88   fdiv.o
       110          0          0          0          0        168   fepilogue.o
        50          0          0          0          0         68   ffixi.o
        40          0          0          0          0         68   ffixui.o
        18          0          0          0          0         68   fflti.o
        10          0          0          0          0         68   ffltui.o
       100          0          0          0          0         76   fmul.o
        24          0          0          0          0         68   fscalb.o

    ----------------------------------------------------------------------
     10300        468        592         20          0       6484   Library Totals
        14          0          0          0          0          0   (incl. Padding)

    ----------------------------------------------------------------------

      Code (inc. data)   RO Data    RW Data    ZI Data      Debug   Library Name

      3428        286        528          0          0       1456   m_ws.l
      4676        182         64         20          0       2856   mc_w.l
      2182          0          0          0          0       2172   mf_w.l

    ----------------------------------------------------------------------
     10300        468        592         20          0       6484   Library Totals

    ----------------------------------------------------------------------

==============================================================================


      Code (inc. data)   RO Data    RW Data    ZI Data      Debug   

     51440       5926       9516        596      16924     917378   Grand Totals
     51440       5926       9516         76      16924     917378   ELF Image Totals (compressed)
     51440       5926       9516         76          0          0   ROM Totals

==============================================================================

    Total RO  Size (Code + RO Data)                60956 (  59.53kB)
    Total RW  Size (RW Data + ZI Data)             17520 (  17.11kB)
    Total ROM Size (Code + RO Data + RW Data)      61032 (  59.60kB)

==============================================================================

